Drill report for STAR_BMS.kicad_pcb
Created on 2026-01-13T21:54:10-0600

Copper Layer Stackup:
    =============================================================
    L1 :  F.Cu                      front
    L2 :  In1.Cu                    in1
    L3 :  In2.Cu                    in2
    L4 :  B.Cu                      back


Drill file 'STAR_BMS-PTH-drl.gbr' contains
    plated through holes:
    =============================================================
    T1  0.300mm  0.0118"  (371 holes)
    T2  0.500mm  0.0197"  (32 holes)
    T3  0.900mm  0.0354"  (6 holes)
    T4  1.000mm  0.0394"  (10 holes)
    T5  1.067mm  0.0420"  (4 holes)
    T6  1.100mm  0.0433"  (6 holes)
    T7  1.400mm  0.0551"  (12 holes)
    T8  3.200mm  0.1260"  (7 holes)

    Total plated holes count 448


Drill file 'STAR_BMS-NPTH-drl.gbr' contains
    unplated through holes:
    =============================================================

    Total unplated holes count 0
