ERC report (2026-04-16T17:46:19-0500, Encoding UTF8)

***** Sheet /
[pin_to_pin]: Pins of type Power output and Power output are connected
    ; error
    @(57.15 mm, 283.21 mm): Symbol #FLG03 Pin 1 [pwr, Power output, Line]
    @(599.44 mm, 76.20 mm): Symbol #FLG05 Pin 1 [pwr, Power output, Line]
[pin_to_pin]: Pins of type Output and Output are connected
    ; error
    @(238.76 mm, 288.29 mm): Symbol PS1 Pin 5 [-VOUT, Output, Line]
    @(238.76 mm, 308.61 mm): Symbol PS2 Pin 5 [-VOUT, Output, Line]
[pin_to_pin]: Pins of type Output and Output are connected
    ; error
    @(238.76 mm, 308.61 mm): Symbol PS2 Pin 5 [-VOUT, Output, Line]
    @(238.76 mm, 328.93 mm): Symbol PS3 Pin 5 [-VOUT, Output, Line]
[pin_to_pin]: Pins of type Output and Power output are connected
    ; error
    @(238.76 mm, 328.93 mm): Symbol PS3 Pin 5 [-VOUT, Output, Line]
    @(290.83 mm, 307.34 mm): Symbol #FLG01 Pin 1 [pwr, Power output, Line]
[pin_to_pin]: Pins of type Power output and Power output are connected
    ; error
    @(290.83 mm, 287.02 mm): Symbol #FLG02 Pin 1 [pwr, Power output, Line]
    @(57.15 mm, 283.21 mm): Symbol #FLG03 Pin 1 [pwr, Power output, Line]
[pin_to_pin]: Pins of type Power output and Power output are connected
    ; error
    @(290.83 mm, 307.34 mm): Symbol #FLG01 Pin 1 [pwr, Power output, Line]
    @(290.83 mm, 287.02 mm): Symbol #FLG02 Pin 1 [pwr, Power output, Line]
[pin_to_pin]: Pins of type Output and Output are connected
    ; error
    @(429.26 mm, 68.58 mm): Symbol U3 Pin 2 [VOUT_1, Output, Line]
    @(462.28 mm, 66.04 mm): Symbol U3 Pin 4 [VOUT_2, Output, Line]
[footprint_link_issues]: Footprint 'R_0603_1608Metric_Pad0.98x0.95mm_HandSolder' not found in library 'Resistor_SMD'.
    ; warning
    @(45.72 mm, 50.80 mm): Symbol R1 [R]
[lib_symbol_issues]: The symbol library 'Device' was not found at '/opt/homebrew/bin/SharedSupport/symbols//Device.kicad_sym'.
    ; warning
    @(45.72 mm, 50.80 mm): Symbol R1 [R]
[footprint_link_issues]: Footprint 'R_0603_1608Metric_Pad0.98x0.95mm_HandSolder' not found in library 'Resistor_SMD'.
    ; warning
    @(52.07 mm, 50.80 mm): Symbol R2 [R]
[lib_symbol_issues]: The symbol library 'Device' was not found at '/opt/homebrew/bin/SharedSupport/symbols//Device.kicad_sym'.
    ; warning
    @(52.07 mm, 50.80 mm): Symbol R2 [R]
[footprint_link_issues]: Footprint 'PinHeader_2x20_P2.54mm_Vertical' not found in library 'Connector_PinHeader_2.54mm'.
    ; warning
    @(86.36 mm, 77.47 mm): Symbol J1 [Conn_02x20_Odd_Even]
[lib_symbol_issues]: The symbol library 'Connector_Generic' was not found at '/opt/homebrew/bin/SharedSupport/symbols//Connector_Generic.kicad_sym'.
    ; warning
    @(86.36 mm, 77.47 mm): Symbol J1 [Conn_02x20_Odd_Even]
[lib_symbol_issues]: The symbol library 'power' was not found at '/opt/homebrew/bin/SharedSupport/symbols//power.kicad_sym'.
    ; warning
    @(57.15 mm, 114.30 mm): Symbol #PWR02 [GND]
[footprint_link_issues]: Footprint 'PinSocket_1x04_P2.54mm_Vertical' not found in library 'Connector_PinSocket_2.54mm'.
    ; warning
    @(96.52 mm, 137.16 mm): Symbol J9 [Conn_01x04_Socket]
[lib_symbol_issues]: The symbol library 'Connector' was not found at '/opt/homebrew/bin/SharedSupport/symbols//Connector.kicad_sym'.
    ; warning
    @(96.52 mm, 137.16 mm): Symbol J9 [Conn_01x04_Socket]
[lib_symbol_issues]: The symbol library 'power' was not found at '/opt/homebrew/bin/SharedSupport/symbols//power.kicad_sym'.
    ; warning
    @(162.56 mm, 64.77 mm): Symbol #PWR03 [GND]
[footprint_link_issues]: Footprint 'PinSocket_1x04_P2.54mm_Vertical' not found in library 'Connector_PinSocket_2.54mm'.
    ; warning
    @(96.52 mm, 149.86 mm): Symbol J10 [Conn_01x04_Socket]
[lib_symbol_issues]: The symbol library 'Connector' was not found at '/opt/homebrew/bin/SharedSupport/symbols//Connector.kicad_sym'.
    ; warning
    @(96.52 mm, 149.86 mm): Symbol J10 [Conn_01x04_Socket]
[footprint_link_issues]: Footprint 'PinHeader_1x04_P2.54mm_Vertical' not found in library 'Connector_PinHeader_2.54mm'.
    ; warning
    @(171.45 mm, 64.77 mm): Symbol J2 [Conn_01x04]
[lib_symbol_issues]: The current configuration does not include the symbol library 'PCM_4ms_Connector'
    ; warning
    @(171.45 mm, 64.77 mm): Symbol J2 [Conn_01x04]
[footprint_link_issues]: Footprint 'PinSocket_1x04_P2.54mm_Vertical' not found in library 'Connector_PinSocket_2.54mm'.
    ; warning
    @(96.52 mm, 162.56 mm): Symbol J11 [Conn_01x04_Socket]
[lib_symbol_issues]: The symbol library 'Connector' was not found at '/opt/homebrew/bin/SharedSupport/symbols//Connector.kicad_sym'.
    ; warning
    @(96.52 mm, 162.56 mm): Symbol J11 [Conn_01x04_Socket]
[lib_symbol_issues]: The symbol library 'power' was not found at '/opt/homebrew/bin/SharedSupport/symbols//power.kicad_sym'.
    ; warning
    @(173.99 mm, 90.17 mm): Symbol #PWR06 [GND]
[lib_symbol_issues]: The symbol library 'power' was not found at '/opt/homebrew/bin/SharedSupport/symbols//power.kicad_sym'.
    ; warning
    @(69.85 mm, 185.42 mm): Symbol #PWR015 [GND]
[footprint_link_issues]: Footprint 'PinSocket_1x04_P2.54mm_Vertical' not found in library 'Connector_PinSocket_2.54mm'.
    ; warning
    @(96.52 mm, 175.26 mm): Symbol J12 [Conn_01x04_Socket]
[lib_symbol_issues]: The symbol library 'Connector' was not found at '/opt/homebrew/bin/SharedSupport/symbols//Connector.kicad_sym'.
    ; warning
    @(96.52 mm, 175.26 mm): Symbol J12 [Conn_01x04_Socket]
[footprint_link_issues]: Footprint 'R_0603_1608Metric_Pad0.98x0.95mm_HandSolder' not found in library 'Resistor_SMD'.
    ; warning
    @(163.83 mm, 140.97 mm): Symbol R28 [R]
[lib_symbol_issues]: The symbol library 'Device' was not found at '/opt/homebrew/bin/SharedSupport/symbols//Device.kicad_sym'.
    ; warning
    @(163.83 mm, 140.97 mm): Symbol R28 [R]
[footprint_link_issues]: Footprint 'R_0603_1608Metric_Pad0.98x0.95mm_HandSolder' not found in library 'Resistor_SMD'.
    ; warning
    @(163.83 mm, 147.32 mm): Symbol R29 [R]
[lib_symbol_issues]: The symbol library 'Device' was not found at '/opt/homebrew/bin/SharedSupport/symbols//Device.kicad_sym'.
    ; warning
    @(163.83 mm, 147.32 mm): Symbol R29 [R]
[footprint_link_issues]: Footprint 'R_0603_1608Metric_Pad0.98x0.95mm_HandSolder' not found in library 'Resistor_SMD'.
    ; warning
    @(163.83 mm, 153.67 mm): Symbol R30 [R]
[lib_symbol_issues]: The symbol library 'Device' was not found at '/opt/homebrew/bin/SharedSupport/symbols//Device.kicad_sym'.
    ; warning
    @(163.83 mm, 153.67 mm): Symbol R30 [R]
[lib_symbol_issues]: The current configuration does not include the symbol library 'PCM_SL_Devices'
    ; warning
    @(177.80 mm, 140.97 mm): Symbol D9 [LED]
[footprint_link_issues]: Footprint 'R_0603_1608Metric_Pad0.98x0.95mm_HandSolder' not found in library 'Resistor_SMD'.
    ; warning
    @(163.83 mm, 160.02 mm): Symbol R31 [R]
[lib_symbol_issues]: The symbol library 'Device' was not found at '/opt/homebrew/bin/SharedSupport/symbols//Device.kicad_sym'.
    ; warning
    @(163.83 mm, 160.02 mm): Symbol R31 [R]
[lib_symbol_issues]: The current configuration does not include the symbol library 'PCM_SL_Devices'
    ; warning
    @(177.80 mm, 147.32 mm): Symbol D10 [LED]
[lib_symbol_issues]: The symbol library 'power' was not found at '/opt/homebrew/bin/SharedSupport/symbols//power.kicad_sym'.
    ; warning
    @(182.88 mm, 140.97 mm): Symbol #PWR033 [GND]
[footprint_link_issues]: Footprint 'R_0603_1608Metric_Pad0.98x0.95mm_HandSolder' not found in library 'Resistor_SMD'.
    ; warning
    @(163.83 mm, 166.37 mm): Symbol R32 [R]
[lib_symbol_issues]: The symbol library 'Device' was not found at '/opt/homebrew/bin/SharedSupport/symbols//Device.kicad_sym'.
    ; warning
    @(163.83 mm, 166.37 mm): Symbol R32 [R]
[lib_symbol_issues]: The symbol library 'power' was not found at '/opt/homebrew/bin/SharedSupport/symbols//power.kicad_sym'.
    ; warning
    @(182.88 mm, 147.32 mm): Symbol #PWR034 [GND]
[lib_symbol_issues]: The current configuration does not include the symbol library 'PCM_SL_Devices'
    ; warning
    @(177.80 mm, 153.67 mm): Symbol D11 [LED]
[footprint_link_issues]: Footprint 'R_0603_1608Metric_Pad0.98x0.95mm_HandSolder' not found in library 'Resistor_SMD'.
    ; warning
    @(163.83 mm, 172.72 mm): Symbol R33 [R]
[lib_symbol_issues]: The symbol library 'Device' was not found at '/opt/homebrew/bin/SharedSupport/symbols//Device.kicad_sym'.
    ; warning
    @(163.83 mm, 172.72 mm): Symbol R33 [R]
[lib_symbol_issues]: The symbol library 'power' was not found at '/opt/homebrew/bin/SharedSupport/symbols//power.kicad_sym'.
    ; warning
    @(182.88 mm, 153.67 mm): Symbol #PWR035 [GND]
[lib_symbol_issues]: The current configuration does not include the symbol library 'PCM_SL_Devices'
    ; warning
    @(177.80 mm, 160.02 mm): Symbol D12 [LED]
[lib_symbol_issues]: The symbol library 'power' was not found at '/opt/homebrew/bin/SharedSupport/symbols//power.kicad_sym'.
    ; warning
    @(182.88 mm, 160.02 mm): Symbol #PWR036 [GND]
[lib_symbol_issues]: The current configuration does not include the symbol library 'PCM_SL_Devices'
    ; warning
    @(177.80 mm, 166.37 mm): Symbol D13 [LED]
[lib_symbol_issues]: The symbol library 'power' was not found at '/opt/homebrew/bin/SharedSupport/symbols//power.kicad_sym'.
    ; warning
    @(182.88 mm, 166.37 mm): Symbol #PWR037 [GND]
[lib_symbol_issues]: The current configuration does not include the symbol library 'PCM_SL_Devices'
    ; warning
    @(177.80 mm, 172.72 mm): Symbol D14 [LED]
[footprint_link_issues]: Footprint 'MountingHole_3.2mm_M3_Pad' not found in library 'MountingHole'.
    ; warning
    @(110.49 mm, 222.25 mm): Symbol H1 [MountingHole_Pad]
[lib_symbol_issues]: The symbol library 'Mechanical' was not found at '/opt/homebrew/bin/SharedSupport/symbols//Mechanical.kicad_sym'.
    ; warning
    @(110.49 mm, 222.25 mm): Symbol H1 [MountingHole_Pad]
[lib_symbol_issues]: The symbol library 'power' was not found at '/opt/homebrew/bin/SharedSupport/symbols//power.kicad_sym'.
    ; warning
    @(182.88 mm, 172.72 mm): Symbol #PWR038 [GND]
[lib_symbol_issues]: The symbol library 'power' was not found at '/opt/homebrew/bin/SharedSupport/symbols//power.kicad_sym'.
    ; warning
    @(238.76 mm, 82.55 mm): Symbol #PWR07 [GND]
[lib_symbol_issues]: The symbol library 'power' was not found at '/opt/homebrew/bin/SharedSupport/symbols//power.kicad_sym'.
    ; warning
    @(110.49 mm, 227.33 mm): Symbol #PWR039 [GND]
[footprint_link_issues]: Footprint 'MountingHole_3.2mm_M3_Pad' not found in library 'MountingHole'.
    ; warning
    @(123.19 mm, 222.25 mm): Symbol H2 [MountingHole_Pad]
[lib_symbol_issues]: The symbol library 'Mechanical' was not found at '/opt/homebrew/bin/SharedSupport/symbols//Mechanical.kicad_sym'.
    ; warning
    @(123.19 mm, 222.25 mm): Symbol H2 [MountingHole_Pad]
[footprint_link_issues]: Footprint 'C_0603_1608Metric_Pad1.08x0.95mm_HandSolder' not found in library 'Capacitor_SMD'.
    ; warning
    @(252.73 mm, 34.29 mm): Symbol C1 [C]
[lib_symbol_issues]: The symbol library 'Device' was not found at '/opt/homebrew/bin/SharedSupport/symbols//Device.kicad_sym'.
    ; warning
    @(252.73 mm, 34.29 mm): Symbol C1 [C]
[footprint_link_issues]: Footprint 'C_0603_1608Metric_Pad1.08x0.95mm_HandSolder' not found in library 'Capacitor_SMD'.
    ; warning
    @(252.73 mm, 39.37 mm): Symbol C2 [C]
[lib_symbol_issues]: The symbol library 'Device' was not found at '/opt/homebrew/bin/SharedSupport/symbols//Device.kicad_sym'.
    ; warning
    @(252.73 mm, 39.37 mm): Symbol C2 [C]
[footprint_link_issues]: Footprint 'C_0603_1608Metric_Pad1.08x0.95mm_HandSolder' not found in library 'Capacitor_SMD'.
    ; warning
    @(252.73 mm, 44.45 mm): Symbol C3 [C]
[lib_symbol_issues]: The symbol library 'Device' was not found at '/opt/homebrew/bin/SharedSupport/symbols//Device.kicad_sym'.
    ; warning
    @(252.73 mm, 44.45 mm): Symbol C3 [C]
[footprint_link_issues]: Footprint 'C_0603_1608Metric_Pad1.08x0.95mm_HandSolder' not found in library 'Capacitor_SMD'.
    ; warning
    @(252.73 mm, 49.53 mm): Symbol C4 [C]
[lib_symbol_issues]: The symbol library 'Device' was not found at '/opt/homebrew/bin/SharedSupport/symbols//Device.kicad_sym'.
    ; warning
    @(252.73 mm, 49.53 mm): Symbol C4 [C]
[lib_symbol_issues]: The symbol library 'power' was not found at '/opt/homebrew/bin/SharedSupport/symbols//power.kicad_sym'.
    ; warning
    @(123.19 mm, 227.33 mm): Symbol #PWR040 [GND]
[lib_symbol_issues]: The symbol library 'Power_Protection' was not found at '/opt/homebrew/bin/SharedSupport/symbols//Power_Protection.kicad_sym'.
    ; warning
    @(252.73 mm, 55.88 mm): Symbol U1 [TVS2200DRV]
[footprint_link_issues]: Footprint 'MountingHole_3.2mm_M3_Pad' not found in library 'MountingHole'.
    ; warning
    @(135.89 mm, 222.25 mm): Symbol H3 [MountingHole_Pad]
[lib_symbol_issues]: The symbol library 'Mechanical' was not found at '/opt/homebrew/bin/SharedSupport/symbols//Mechanical.kicad_sym'.
    ; warning
    @(135.89 mm, 222.25 mm): Symbol H3 [MountingHole_Pad]
[lib_symbol_issues]: The symbol library 'power' was not found at '/opt/homebrew/bin/SharedSupport/symbols//power.kicad_sym'.
    ; warning
    @(135.89 mm, 227.33 mm): Symbol #PWR042 [GND]
[footprint_link_issues]: Footprint 'MountingHole_3.2mm_M3_Pad' not found in library 'MountingHole'.
    ; warning
    @(148.59 mm, 222.25 mm): Symbol H4 [MountingHole_Pad]
[lib_symbol_issues]: The symbol library 'Mechanical' was not found at '/opt/homebrew/bin/SharedSupport/symbols//Mechanical.kicad_sym'.
    ; warning
    @(148.59 mm, 222.25 mm): Symbol H4 [MountingHole_Pad]
[footprint_link_issues]: Footprint 'R_0603_1608Metric_Pad0.98x0.95mm_HandSolder' not found in library 'Resistor_SMD'.
    ; warning
    @(260.35 mm, 72.39 mm): Symbol R3 [R]
[lib_symbol_issues]: The symbol library 'Device' was not found at '/opt/homebrew/bin/SharedSupport/symbols//Device.kicad_sym'.
    ; warning
    @(260.35 mm, 72.39 mm): Symbol R3 [R]
[lib_symbol_issues]: The symbol library 'power' was not found at '/opt/homebrew/bin/SharedSupport/symbols//power.kicad_sym'.
    ; warning
    @(148.59 mm, 227.33 mm): Symbol #PWR085 [GND]
[footprint_link_issues]: Footprint 'R_0603_1608Metric_Pad0.98x0.95mm_HandSolder' not found in library 'Resistor_SMD'.
    ; warning
    @(279.40 mm, 48.26 mm): Symbol FB1 [FerriteBead_Small]
[lib_symbol_issues]: The symbol library 'Device' was not found at '/opt/homebrew/bin/SharedSupport/symbols//Device.kicad_sym'.
    ; warning
    @(279.40 mm, 48.26 mm): Symbol FB1 [FerriteBead_Small]
[footprint_link_issues]: Footprint 'C_0603_1608Metric_Pad1.08x0.95mm_HandSolder' not found in library 'Capacitor_SMD'.
    ; warning
    @(285.75 mm, 29.21 mm): Symbol C6 [C]
[lib_symbol_issues]: The symbol library 'Device' was not found at '/opt/homebrew/bin/SharedSupport/symbols//Device.kicad_sym'.
    ; warning
    @(285.75 mm, 29.21 mm): Symbol C6 [C]
[footprint_link_issues]: Footprint 'C_0805_2012Metric_Pad1.18x1.45mm_HandSolder' not found in library 'Capacitor_SMD'.
    ; warning
    @(285.75 mm, 34.29 mm): Symbol C7 [C]
[lib_symbol_issues]: The symbol library 'Device' was not found at '/opt/homebrew/bin/SharedSupport/symbols//Device.kicad_sym'.
    ; warning
    @(285.75 mm, 34.29 mm): Symbol C7 [C]
[footprint_link_issues]: Footprint 'C_0805_2012Metric_Pad1.18x1.45mm_HandSolder' not found in library 'Capacitor_SMD'.
    ; warning
    @(285.75 mm, 39.37 mm): Symbol C8 [C]
[lib_symbol_issues]: The symbol library 'Device' was not found at '/opt/homebrew/bin/SharedSupport/symbols//Device.kicad_sym'.
    ; warning
    @(285.75 mm, 39.37 mm): Symbol C8 [C]
[lib_symbol_issues]: The current configuration does not include the symbol library 'PCM_4ms_Power-symbol'
    ; warning
    @(57.15 mm, 283.21 mm): Symbol #FLG03 [PWR_FLAG]
[lib_symbol_issues]: The symbol library 'power' was not found at '/opt/homebrew/bin/SharedSupport/symbols//power.kicad_sym'.
    ; warning
    @(57.15 mm, 284.48 mm): Symbol #PWR021 [GND]
[lib_symbol_issues]: The symbol library 'power' was not found at '/opt/homebrew/bin/SharedSupport/symbols//power.kicad_sym'.
    ; warning
    @(293.37 mm, 41.91 mm): Symbol #PWR09 [GND]
[footprint_link_issues]: Footprint 'R_0603_1608Metric_Pad0.98x0.95mm_HandSolder' not found in library 'Resistor_SMD'.
    ; warning
    @(280.67 mm, 95.25 mm): Symbol R4 [R]
[lib_symbol_issues]: The symbol library 'Device' was not found at '/opt/homebrew/bin/SharedSupport/symbols//Device.kicad_sym'.
    ; warning
    @(280.67 mm, 95.25 mm): Symbol R4 [R]
[footprint_link_issues]: Footprint 'R_0603_1608Metric_Pad0.98x0.95mm_HandSolder' not found in library 'Resistor_SMD'.
    ; warning
    @(280.67 mm, 97.79 mm): Symbol R5 [R]
[lib_symbol_issues]: The symbol library 'Device' was not found at '/opt/homebrew/bin/SharedSupport/symbols//Device.kicad_sym'.
    ; warning
    @(280.67 mm, 97.79 mm): Symbol R5 [R]
[footprint_link_issues]: Footprint 'C_0603_1608Metric_Pad1.08x0.95mm_HandSolder' not found in library 'Capacitor_SMD'.
    ; warning
    @(280.67 mm, 107.95 mm): Symbol C5 [C]
[lib_symbol_issues]: The symbol library 'Device' was not found at '/opt/homebrew/bin/SharedSupport/symbols//Device.kicad_sym'.
    ; warning
    @(280.67 mm, 107.95 mm): Symbol C5 [C]
[lib_symbol_issues]: The symbol library 'power' was not found at '/opt/homebrew/bin/SharedSupport/symbols//power.kicad_sym'.
    ; warning
    @(280.67 mm, 115.57 mm): Symbol #PWR08 [GND]
[footprint_link_issues]: Footprint 'C_0603_1608Metric_Pad1.08x0.95mm_HandSolder' not found in library 'Capacitor_SMD'.
    ; warning
    @(287.02 mm, 107.95 mm): Symbol C9 [C]
[lib_symbol_issues]: The symbol library 'Device' was not found at '/opt/homebrew/bin/SharedSupport/symbols//Device.kicad_sym'.
    ; warning
    @(287.02 mm, 107.95 mm): Symbol C9 [C]
[footprint_link_issues]: Footprint 'R_0603_1608Metric_Pad0.98x0.95mm_HandSolder' not found in library 'Resistor_SMD'.
    ; warning
    @(314.96 mm, 30.48 mm): Symbol R6 [R]
[lib_symbol_issues]: The symbol library 'Device' was not found at '/opt/homebrew/bin/SharedSupport/symbols//Device.kicad_sym'.
    ; warning
    @(314.96 mm, 30.48 mm): Symbol R6 [R]
[footprint_link_issues]: Footprint 'R_0603_1608Metric_Pad0.98x0.95mm_HandSolder' not found in library 'Resistor_SMD'.
    ; warning
    @(314.96 mm, 41.91 mm): Symbol R7 [R]
[lib_symbol_issues]: The symbol library 'Device' was not found at '/opt/homebrew/bin/SharedSupport/symbols//Device.kicad_sym'.
    ; warning
    @(314.96 mm, 41.91 mm): Symbol R7 [R]
[lib_symbol_issues]: The symbol library 'power' was not found at '/opt/homebrew/bin/SharedSupport/symbols//power.kicad_sym'.
    ; warning
    @(314.96 mm, 48.26 mm): Symbol #PWR010 [GND]
[lib_symbol_issues]: The symbol library 'power' was not found at '/opt/homebrew/bin/SharedSupport/symbols//power.kicad_sym'.
    ; warning
    @(317.50 mm, 93.98 mm): Symbol #PWR011 [GND]
[lib_symbol_issues]: The symbol library 'power' was not found at '/opt/homebrew/bin/SharedSupport/symbols//power.kicad_sym'.
    ; warning
    @(196.85 mm, 288.29 mm): Symbol #PWR043 [GND]
[lib_symbol_issues]: The symbol library 'power' was not found at '/opt/homebrew/bin/SharedSupport/symbols//power.kicad_sym'.
    ; warning
    @(196.85 mm, 308.61 mm): Symbol #PWR046 [GND]
[footprint_link_issues]: Footprint 'C_0603_1608Metric_Pad1.08x0.95mm_HandSolder' not found in library 'Capacitor_SMD'.
    ; warning
    @(356.87 mm, 101.60 mm): Symbol C10 [C]
[lib_symbol_issues]: The symbol library 'Device' was not found at '/opt/homebrew/bin/SharedSupport/symbols//Device.kicad_sym'.
    ; warning
    @(356.87 mm, 101.60 mm): Symbol C10 [C]
[footprint_link_issues]: Footprint 'C_0603_1608Metric_Pad1.08x0.95mm_HandSolder' not found in library 'Capacitor_SMD'.
    ; warning
    @(356.87 mm, 106.68 mm): Symbol C11 [C]
[lib_symbol_issues]: The symbol library 'Device' was not found at '/opt/homebrew/bin/SharedSupport/symbols//Device.kicad_sym'.
    ; warning
    @(356.87 mm, 106.68 mm): Symbol C11 [C]
[footprint_link_issues]: Footprint 'C_0603_1608Metric_Pad1.08x0.95mm_HandSolder' not found in library 'Capacitor_SMD'.
    ; warning
    @(356.87 mm, 111.76 mm): Symbol C12 [C]
[lib_symbol_issues]: The symbol library 'Device' was not found at '/opt/homebrew/bin/SharedSupport/symbols//Device.kicad_sym'.
    ; warning
    @(356.87 mm, 111.76 mm): Symbol C12 [C]
[footprint_link_issues]: Footprint 'R_0603_1608Metric_Pad0.98x0.95mm_HandSolder' not found in library 'Resistor_SMD'.
    ; warning
    @(365.76 mm, 78.74 mm): Symbol R9 [R]
[lib_symbol_issues]: The symbol library 'Device' was not found at '/opt/homebrew/bin/SharedSupport/symbols//Device.kicad_sym'.
    ; warning
    @(365.76 mm, 78.74 mm): Symbol R9 [R]
[lib_symbol_issues]: The symbol library 'power' was not found at '/opt/homebrew/bin/SharedSupport/symbols//power.kicad_sym'.
    ; warning
    @(342.90 mm, 149.86 mm): Symbol #PWR013 [GND]
[footprint_link_issues]: Footprint 'C_0603_1608Metric_Pad1.08x0.95mm_HandSolder' not found in library 'Capacitor_SMD'.
    ; warning
    @(356.87 mm, 116.84 mm): Symbol C13 [C]
[lib_symbol_issues]: The symbol library 'Device' was not found at '/opt/homebrew/bin/SharedSupport/symbols//Device.kicad_sym'.
    ; warning
    @(356.87 mm, 116.84 mm): Symbol C13 [C]
[footprint_link_issues]: Footprint 'R_0603_1608Metric_Pad0.98x0.95mm_HandSolder' not found in library 'Resistor_SMD'.
    ; warning
    @(247.65 mm, 283.21 mm): Symbol R41 [R]
[lib_symbol_issues]: The symbol library 'Device' was not found at '/opt/homebrew/bin/SharedSupport/symbols//Device.kicad_sym'.
    ; warning
    @(247.65 mm, 283.21 mm): Symbol R41 [R]
[lib_symbol_issues]: The symbol library 'Power_Protection' was not found at '/opt/homebrew/bin/SharedSupport/symbols//Power_Protection.kicad_sym'.
    ; warning
    @(356.87 mm, 123.19 mm): Symbol U2 [TVS2200DRV]
[lib_symbol_issues]: The symbol library 'power' was not found at '/opt/homebrew/bin/SharedSupport/symbols//power.kicad_sym'.
    ; warning
    @(196.85 mm, 328.93 mm): Symbol #PWR047 [GND]
[footprint_link_issues]: Footprint 'R_0603_1608Metric_Pad0.98x0.95mm_HandSolder' not found in library 'Resistor_SMD'.
    ; warning
    @(364.49 mm, 139.70 mm): Symbol R8 [R]
[lib_symbol_issues]: The symbol library 'Device' was not found at '/opt/homebrew/bin/SharedSupport/symbols//Device.kicad_sym'.
    ; warning
    @(364.49 mm, 139.70 mm): Symbol R8 [R]
[footprint_link_issues]: Footprint 'R_0603_1608Metric_Pad0.98x0.95mm_HandSolder' not found in library 'Resistor_SMD'.
    ; warning
    @(247.65 mm, 303.53 mm): Symbol R42 [R]
[lib_symbol_issues]: The symbol library 'Device' was not found at '/opt/homebrew/bin/SharedSupport/symbols//Device.kicad_sym'.
    ; warning
    @(247.65 mm, 303.53 mm): Symbol R42 [R]
[footprint_link_issues]: Footprint 'R_0603_1608Metric_Pad0.98x0.95mm_HandSolder' not found in library 'Resistor_SMD'.
    ; warning
    @(383.54 mm, 115.57 mm): Symbol FB2 [FerriteBead_Small]
[lib_symbol_issues]: The symbol library 'Device' was not found at '/opt/homebrew/bin/SharedSupport/symbols//Device.kicad_sym'.
    ; warning
    @(383.54 mm, 115.57 mm): Symbol FB2 [FerriteBead_Small]
[footprint_link_issues]: Footprint 'C_0603_1608Metric_Pad1.08x0.95mm_HandSolder' not found in library 'Capacitor_SMD'.
    ; warning
    @(389.89 mm, 96.52 mm): Symbol C14 [C]
[lib_symbol_issues]: The symbol library 'Device' was not found at '/opt/homebrew/bin/SharedSupport/symbols//Device.kicad_sym'.
    ; warning
    @(389.89 mm, 96.52 mm): Symbol C14 [C]
[footprint_link_issues]: Footprint 'C_0805_2012Metric_Pad1.18x1.45mm_HandSolder' not found in library 'Capacitor_SMD'.
    ; warning
    @(389.89 mm, 101.60 mm): Symbol C15 [C]
[lib_symbol_issues]: The symbol library 'Device' was not found at '/opt/homebrew/bin/SharedSupport/symbols//Device.kicad_sym'.
    ; warning
    @(389.89 mm, 101.60 mm): Symbol C15 [C]
[footprint_link_issues]: Footprint 'C_0805_2012Metric_Pad1.18x1.45mm_HandSolder' not found in library 'Capacitor_SMD'.
    ; warning
    @(389.89 mm, 106.68 mm): Symbol C16 [C]
[lib_symbol_issues]: The symbol library 'Device' was not found at '/opt/homebrew/bin/SharedSupport/symbols//Device.kicad_sym'.
    ; warning
    @(389.89 mm, 106.68 mm): Symbol C16 [C]
[lib_symbol_issues]: The symbol library 'power' was not found at '/opt/homebrew/bin/SharedSupport/symbols//power.kicad_sym'.
    ; warning
    @(285.75 mm, 289.56 mm): Symbol #PWR01 [GND]
[footprint_link_issues]: Footprint 'R_0603_1608Metric_Pad0.98x0.95mm_HandSolder' not found in library 'Resistor_SMD'.
    ; warning
    @(247.65 mm, 323.85 mm): Symbol R43 [R]
[lib_symbol_issues]: The symbol library 'Device' was not found at '/opt/homebrew/bin/SharedSupport/symbols//Device.kicad_sym'.
    ; warning
    @(247.65 mm, 323.85 mm): Symbol R43 [R]
[lib_symbol_issues]: The current configuration does not include the symbol library 'PCM_4ms_Power-symbol'
    ; warning
    @(290.83 mm, 287.02 mm): Symbol #FLG02 [PWR_FLAG]
[lib_symbol_issues]: The symbol library 'power' was not found at '/opt/homebrew/bin/SharedSupport/symbols//power.kicad_sym'.
    ; warning
    @(401.32 mm, 118.11 mm): Symbol #PWR014 [GND]
[lib_symbol_issues]: The symbol library 'power' was not found at '/opt/homebrew/bin/SharedSupport/symbols//power.kicad_sym'.
    ; warning
    @(285.75 mm, 309.88 mm): Symbol #PWR048 [GND]
[footprint_link_issues]: Footprint 'R_0603_1608Metric_Pad0.98x0.95mm_HandSolder' not found in library 'Resistor_SMD'.
    ; warning
    @(411.48 mm, 95.25 mm): Symbol R12 [R]
[lib_symbol_issues]: The symbol library 'Device' was not found at '/opt/homebrew/bin/SharedSupport/symbols//Device.kicad_sym'.
    ; warning
    @(411.48 mm, 95.25 mm): Symbol R12 [R]
[lib_symbol_issues]: The current configuration does not include the symbol library 'PCM_4ms_Power-symbol'
    ; warning
    @(290.83 mm, 307.34 mm): Symbol #FLG01 [PWR_FLAG]
[footprint_link_issues]: Footprint 'R_0603_1608Metric_Pad0.98x0.95mm_HandSolder' not found in library 'Resistor_SMD'.
    ; warning
    @(411.48 mm, 109.22 mm): Symbol R13 [R]
[lib_symbol_issues]: The symbol library 'Device' was not found at '/opt/homebrew/bin/SharedSupport/symbols//Device.kicad_sym'.
    ; warning
    @(411.48 mm, 109.22 mm): Symbol R13 [R]
[footprint_link_issues]: Footprint 'C_0603_1608Metric_Pad1.08x0.95mm_HandSolder' not found in library 'Capacitor_SMD'.
    ; warning
    @(419.10 mm, 76.20 mm): Symbol C17 [C]
[lib_symbol_issues]: The symbol library 'Device' was not found at '/opt/homebrew/bin/SharedSupport/symbols//Device.kicad_sym'.
    ; warning
    @(419.10 mm, 76.20 mm): Symbol C17 [C]
[lib_symbol_issues]: The symbol library 'power' was not found at '/opt/homebrew/bin/SharedSupport/symbols//power.kicad_sym'.
    ; warning
    @(419.10 mm, 82.55 mm): Symbol #PWR017 [GND]
[lib_symbol_issues]: The symbol library 'power' was not found at '/opt/homebrew/bin/SharedSupport/symbols//power.kicad_sym'.
    ; warning
    @(424.18 mm, 66.04 mm): Symbol #PWR019 [GND]
[footprint_link_issues]: Footprint 'C_0603_1608Metric_Pad1.08x0.95mm_HandSolder' not found in library 'Capacitor_SMD'.
    ; warning
    @(425.45 mm, 76.20 mm): Symbol C18 [C]
[lib_symbol_issues]: The symbol library 'Device' was not found at '/opt/homebrew/bin/SharedSupport/symbols//Device.kicad_sym'.
    ; warning
    @(425.45 mm, 76.20 mm): Symbol C18 [C]
[footprint_link_issues]: Footprint 'C_0603_1608Metric_Pad1.08x0.95mm_HandSolder' not found in library 'Capacitor_SMD'.
    ; warning
    @(280.67 mm, 328.93 mm): Symbol C27 [C]
[lib_symbol_issues]: The symbol library 'Device' was not found at '/opt/homebrew/bin/SharedSupport/symbols//Device.kicad_sym'.
    ; warning
    @(280.67 mm, 328.93 mm): Symbol C27 [C]
[footprint_link_issues]: Footprint 'C_0603_1608Metric_Pad1.08x0.95mm_HandSolder' not found in library 'Capacitor_SMD'.
    ; warning
    @(280.67 mm, 334.01 mm): Symbol C28 [C]
[lib_symbol_issues]: The symbol library 'Device' was not found at '/opt/homebrew/bin/SharedSupport/symbols//Device.kicad_sym'.
    ; warning
    @(280.67 mm, 334.01 mm): Symbol C28 [C]
[footprint_link_issues]: Footprint 'C_0603_1608Metric_Pad1.08x0.95mm_HandSolder' not found in library 'Capacitor_SMD'.
    ; warning
    @(280.67 mm, 339.09 mm): Symbol C29 [C]
[lib_symbol_issues]: The symbol library 'Device' was not found at '/opt/homebrew/bin/SharedSupport/symbols//Device.kicad_sym'.
    ; warning
    @(280.67 mm, 339.09 mm): Symbol C29 [C]
[footprint_link_issues]: Footprint 'R_0603_1608Metric_Pad0.98x0.95mm_HandSolder' not found in library 'Resistor_SMD'.
    ; warning
    @(430.53 mm, 99.06 mm): Symbol R17 [R]
[lib_symbol_issues]: The symbol library 'Device' was not found at '/opt/homebrew/bin/SharedSupport/symbols//Device.kicad_sym'.
    ; warning
    @(430.53 mm, 99.06 mm): Symbol R17 [R]
[footprint_link_issues]: Footprint 'R_0603_1608Metric_Pad0.98x0.95mm_HandSolder' not found in library 'Resistor_SMD'.
    ; warning
    @(430.53 mm, 106.68 mm): Symbol R18 [R]
[lib_symbol_issues]: The symbol library 'Device' was not found at '/opt/homebrew/bin/SharedSupport/symbols//Device.kicad_sym'.
    ; warning
    @(430.53 mm, 106.68 mm): Symbol R18 [R]
[footprint_link_issues]: Footprint 'C_0603_1608Metric_Pad1.08x0.95mm_HandSolder' not found in library 'Capacitor_SMD'.
    ; warning
    @(280.67 mm, 344.17 mm): Symbol C30 [C]
[lib_symbol_issues]: The symbol library 'Device' was not found at '/opt/homebrew/bin/SharedSupport/symbols//Device.kicad_sym'.
    ; warning
    @(280.67 mm, 344.17 mm): Symbol C30 [C]
[footprint_link_issues]: Footprint 'R_0603_1608Metric_Pad0.98x0.95mm_HandSolder' not found in library 'Resistor_SMD'.
    ; warning
    @(430.53 mm, 109.22 mm): Symbol R19 [R]
[lib_symbol_issues]: The symbol library 'Device' was not found at '/opt/homebrew/bin/SharedSupport/symbols//Device.kicad_sym'.
    ; warning
    @(430.53 mm, 109.22 mm): Symbol R19 [R]
[footprint_link_issues]: Footprint 'R_0603_1608Metric_Pad0.98x0.95mm_HandSolder' not found in library 'Resistor_SMD'.
    ; warning
    @(402.59 mm, 187.96 mm): Symbol R10 [R]
[lib_symbol_issues]: The symbol library 'Device' was not found at '/opt/homebrew/bin/SharedSupport/symbols//Device.kicad_sym'.
    ; warning
    @(402.59 mm, 187.96 mm): Symbol R10 [R]
[footprint_link_issues]: Footprint 'R_0603_1608Metric_Pad0.98x0.95mm_HandSolder' not found in library 'Resistor_SMD'.
    ; warning
    @(430.53 mm, 111.76 mm): Symbol R20 [R]
[lib_symbol_issues]: The symbol library 'Device' was not found at '/opt/homebrew/bin/SharedSupport/symbols//Device.kicad_sym'.
    ; warning
    @(430.53 mm, 111.76 mm): Symbol R20 [R]
[lib_symbol_issues]: The symbol library 'power' was not found at '/opt/homebrew/bin/SharedSupport/symbols//power.kicad_sym'.
    ; warning
    @(434.34 mm, 101.60 mm): Symbol #PWR020 [GND]
[footprint_link_issues]: Footprint 'R_0603_1608Metric_Pad0.98x0.95mm_HandSolder' not found in library 'Resistor_SMD'.
    ; warning
    @(430.53 mm, 116.84 mm): Symbol R21 [R]
[lib_symbol_issues]: The symbol library 'Device' was not found at '/opt/homebrew/bin/SharedSupport/symbols//Device.kicad_sym'.
    ; warning
    @(430.53 mm, 116.84 mm): Symbol R21 [R]
[lib_symbol_issues]: The symbol library 'Power_Protection' was not found at '/opt/homebrew/bin/SharedSupport/symbols//Power_Protection.kicad_sym'.
    ; warning
    @(280.67 mm, 349.25 mm): Symbol U6 [TVS2200DRV]
[footprint_link_issues]: Footprint 'R_0603_1608Metric_Pad0.98x0.95mm_HandSolder' not found in library 'Resistor_SMD'.
    ; warning
    @(407.67 mm, 187.96 mm): Symbol R11 [R]
[lib_symbol_issues]: The symbol library 'Device' was not found at '/opt/homebrew/bin/SharedSupport/symbols//Device.kicad_sym'.
    ; warning
    @(407.67 mm, 187.96 mm): Symbol R11 [R]
[lib_symbol_issues]: The symbol library 'power' was not found at '/opt/homebrew/bin/SharedSupport/symbols//power.kicad_sym'.
    ; warning
    @(421.64 mm, 161.29 mm): Symbol #PWR018 [GND]
[footprint_link_issues]: Footprint 'R_0603_1608Metric_Pad0.98x0.95mm_HandSolder' not found in library 'Resistor_SMD'.
    ; warning
    @(412.75 mm, 187.96 mm): Symbol R14 [R]
[lib_symbol_issues]: The symbol library 'Device' was not found at '/opt/homebrew/bin/SharedSupport/symbols//Device.kicad_sym'.
    ; warning
    @(412.75 mm, 187.96 mm): Symbol R14 [R]
[footprint_link_issues]: Footprint 'R_0603_1608Metric_Pad0.98x0.95mm_HandSolder' not found in library 'Resistor_SMD'.
    ; warning
    @(307.34 mm, 335.28 mm): Symbol FB3 [FerriteBead_Small]
[lib_symbol_issues]: The symbol library 'Device' was not found at '/opt/homebrew/bin/SharedSupport/symbols//Device.kicad_sym'.
    ; warning
    @(307.34 mm, 335.28 mm): Symbol FB3 [FerriteBead_Small]
[footprint_link_issues]: Footprint 'R_0603_1608Metric_Pad0.98x0.95mm_HandSolder' not found in library 'Resistor_SMD'.
    ; warning
    @(417.83 mm, 187.96 mm): Symbol R15 [R]
[lib_symbol_issues]: The symbol library 'Device' was not found at '/opt/homebrew/bin/SharedSupport/symbols//Device.kicad_sym'.
    ; warning
    @(417.83 mm, 187.96 mm): Symbol R15 [R]
[footprint_link_issues]: Footprint 'C_0805_2012Metric_Pad1.18x1.45mm_HandSolder' not found in library 'Capacitor_SMD'.
    ; warning
    @(307.34 mm, 347.98 mm): Symbol C33 [C]
[lib_symbol_issues]: The symbol library 'Device' was not found at '/opt/homebrew/bin/SharedSupport/symbols//Device.kicad_sym'.
    ; warning
    @(307.34 mm, 347.98 mm): Symbol C33 [C]
[footprint_link_issues]: Footprint 'R_0603_1608Metric_Pad0.98x0.95mm_HandSolder' not found in library 'Resistor_SMD'.
    ; warning
    @(327.66 mm, 330.20 mm): Symbol R39 [R]
[lib_symbol_issues]: The symbol library 'Device' was not found at '/opt/homebrew/bin/SharedSupport/symbols//Device.kicad_sym'.
    ; warning
    @(327.66 mm, 330.20 mm): Symbol R39 [R]
[footprint_link_issues]: Footprint 'C_0805_2012Metric_Pad1.18x1.45mm_HandSolder' not found in library 'Capacitor_SMD'.
    ; warning
    @(312.42 mm, 347.98 mm): Symbol C32 [C]
[lib_symbol_issues]: The symbol library 'Device' was not found at '/opt/homebrew/bin/SharedSupport/symbols//Device.kicad_sym'.
    ; warning
    @(312.42 mm, 347.98 mm): Symbol C32 [C]
[footprint_link_issues]: Footprint 'C_0603_1608Metric_Pad1.08x0.95mm_HandSolder' not found in library 'Capacitor_SMD'.
    ; warning
    @(317.50 mm, 347.98 mm): Symbol C31 [C]
[lib_symbol_issues]: The symbol library 'Device' was not found at '/opt/homebrew/bin/SharedSupport/symbols//Device.kicad_sym'.
    ; warning
    @(317.50 mm, 347.98 mm): Symbol C31 [C]
[footprint_link_issues]: Footprint 'C_0603_1608Metric_Pad1.08x0.95mm_HandSolder' not found in library 'Capacitor_SMD'.
    ; warning
    @(466.09 mm, 71.12 mm): Symbol C19 [C]
[lib_symbol_issues]: The symbol library 'Device' was not found at '/opt/homebrew/bin/SharedSupport/symbols//Device.kicad_sym'.
    ; warning
    @(466.09 mm, 71.12 mm): Symbol C19 [C]
[footprint_link_issues]: Footprint 'R_0603_1608Metric_Pad0.98x0.95mm_HandSolder' not found in library 'Resistor_SMD'.
    ; warning
    @(417.83 mm, 219.71 mm): Symbol R16 [R]
[lib_symbol_issues]: The symbol library 'Device' was not found at '/opt/homebrew/bin/SharedSupport/symbols//Device.kicad_sym'.
    ; warning
    @(417.83 mm, 219.71 mm): Symbol R16 [R]
[lib_symbol_issues]: The symbol library 'power' was not found at '/opt/homebrew/bin/SharedSupport/symbols//power.kicad_sym'.
    ; warning
    @(417.83 mm, 224.79 mm): Symbol #PWR016 [GND]
[footprint_link_issues]: Footprint 'C_0603_1608Metric_Pad1.08x0.95mm_HandSolder' not found in library 'Capacitor_SMD'.
    ; warning
    @(472.44 mm, 71.12 mm): Symbol C20 [C]
[lib_symbol_issues]: The symbol library 'Device' was not found at '/opt/homebrew/bin/SharedSupport/symbols//Device.kicad_sym'.
    ; warning
    @(472.44 mm, 71.12 mm): Symbol C20 [C]
[lib_symbol_mismatch]: Symbol 'E1E2-Emulator-Interface' doesn't match copy in library 'E1E2-Emulator-Interface'
    ; warning
    @(440.69 mm, 194.31 mm): Symbol J13 [E1E2-Emulator-Interface]
[footprint_link_issues]: Footprint 'C_0805_2012Metric_Pad1.18x1.45mm_HandSolder' not found in library 'Capacitor_SMD'.
    ; warning
    @(478.79 mm, 71.12 mm): Symbol C21 [C]
[lib_symbol_issues]: The symbol library 'Device' was not found at '/opt/homebrew/bin/SharedSupport/symbols//Device.kicad_sym'.
    ; warning
    @(478.79 mm, 71.12 mm): Symbol C21 [C]
[lib_symbol_issues]: The symbol library 'power' was not found at '/opt/homebrew/bin/SharedSupport/symbols//power.kicad_sym'.
    ; warning
    @(473.71 mm, 104.14 mm): Symbol #PWR024 [GND]
[footprint_link_issues]: Footprint 'R_0603_1608Metric_Pad0.98x0.95mm_HandSolder' not found in library 'Resistor_SMD'.
    ; warning
    @(478.79 mm, 86.36 mm): Symbol R23 [R]
[lib_symbol_issues]: The symbol library 'Device' was not found at '/opt/homebrew/bin/SharedSupport/symbols//Device.kicad_sym'.
    ; warning
    @(478.79 mm, 86.36 mm): Symbol R23 [R]
[footprint_link_issues]: Footprint 'R_0603_1608Metric_Pad0.98x0.95mm_HandSolder' not found in library 'Resistor_SMD'.
    ; warning
    @(478.79 mm, 88.90 mm): Symbol R24 [R]
[lib_symbol_issues]: The symbol library 'Device' was not found at '/opt/homebrew/bin/SharedSupport/symbols//Device.kicad_sym'.
    ; warning
    @(478.79 mm, 88.90 mm): Symbol R24 [R]
[footprint_link_issues]: Footprint 'R_0603_1608Metric_Pad0.98x0.95mm_HandSolder' not found in library 'Resistor_SMD'.
    ; warning
    @(481.33 mm, 99.06 mm): Symbol R25 [R]
[lib_symbol_issues]: The symbol library 'Device' was not found at '/opt/homebrew/bin/SharedSupport/symbols//Device.kicad_sym'.
    ; warning
    @(481.33 mm, 99.06 mm): Symbol R25 [R]
[footprint_link_issues]: Footprint 'R_0603_1608Metric_Pad0.98x0.95mm_HandSolder' not found in library 'Resistor_SMD'.
    ; warning
    @(481.33 mm, 101.60 mm): Symbol R26 [R]
[lib_symbol_issues]: The symbol library 'Device' was not found at '/opt/homebrew/bin/SharedSupport/symbols//Device.kicad_sym'.
    ; warning
    @(481.33 mm, 101.60 mm): Symbol R26 [R]
[footprint_link_issues]: Footprint 'R_0603_1608Metric_Pad0.98x0.95mm_HandSolder' not found in library 'Resistor_SMD'.
    ; warning
    @(469.90 mm, 146.05 mm): Symbol R22 [R]
[lib_symbol_issues]: The symbol library 'Device' was not found at '/opt/homebrew/bin/SharedSupport/symbols//Device.kicad_sym'.
    ; warning
    @(469.90 mm, 146.05 mm): Symbol R22 [R]
[lib_symbol_issues]: The symbol library 'power' was not found at '/opt/homebrew/bin/SharedSupport/symbols//power.kicad_sym'.
    ; warning
    @(486.41 mm, 86.36 mm): Symbol #PWR025 [GND]
[lib_symbol_issues]: The symbol library 'power' was not found at '/opt/homebrew/bin/SharedSupport/symbols//power.kicad_sym'.
    ; warning
    @(486.41 mm, 88.90 mm): Symbol #PWR026 [GND]
[footprint_link_issues]: Footprint 'C_0603_1608Metric_Pad1.08x0.95mm_HandSolder' not found in library 'Capacitor_SMD'.
    ; warning
    @(492.76 mm, 71.12 mm): Symbol C22 [C]
[lib_symbol_issues]: The symbol library 'Device' was not found at '/opt/homebrew/bin/SharedSupport/symbols//Device.kicad_sym'.
    ; warning
    @(492.76 mm, 71.12 mm): Symbol C22 [C]
[lib_symbol_issues]: The symbol library 'power' was not found at '/opt/homebrew/bin/SharedSupport/symbols//power.kicad_sym'.
    ; warning
    @(492.76 mm, 77.47 mm): Symbol #PWR027 [GND]
[footprint_link_issues]: Footprint 'R_0603_1608Metric_Pad0.98x0.95mm_HandSolder' not found in library 'Resistor_SMD'.
    ; warning
    @(377.19 mm, 331.47 mm): Symbol R40 [R]
[lib_symbol_issues]: The symbol library 'Device' was not found at '/opt/homebrew/bin/SharedSupport/symbols//Device.kicad_sym'.
    ; warning
    @(377.19 mm, 331.47 mm): Symbol R40 [R]
[lib_symbol_issues]: The current configuration does not include the symbol library 'PCM_SL_Devices'
    ; warning
    @(499.11 mm, 99.06 mm): Symbol D7 [LED]
[footprint_link_issues]: Footprint 'R_0603_1608Metric_Pad0.98x0.95mm_HandSolder' not found in library 'Resistor_SMD'.
    ; warning
    @(497.84 mm, 106.68 mm): Symbol R27 [R]
[lib_symbol_issues]: The symbol library 'Device' was not found at '/opt/homebrew/bin/SharedSupport/symbols//Device.kicad_sym'.
    ; warning
    @(497.84 mm, 106.68 mm): Symbol R27 [R]
[lib_symbol_issues]: The current configuration does not include the symbol library 'PCM_SL_Devices'
    ; warning
    @(499.11 mm, 101.60 mm): Symbol D8 [LED]
[footprint_link_issues]: Footprint 'C_0603_1608Metric_Pad1.08x0.95mm_HandSolder' not found in library 'Capacitor_SMD'.
    ; warning
    @(496.57 mm, 114.30 mm): Symbol C23 [C]
[lib_symbol_issues]: The symbol library 'Device' was not found at '/opt/homebrew/bin/SharedSupport/symbols//Device.kicad_sym'.
    ; warning
    @(496.57 mm, 114.30 mm): Symbol C23 [C]
[lib_symbol_issues]: The symbol library 'power' was not found at '/opt/homebrew/bin/SharedSupport/symbols//power.kicad_sym'.
    ; warning
    @(355.60 mm, 365.76 mm): Symbol #PWR045 [GND]
[lib_symbol_issues]: The symbol library 'power' was not found at '/opt/homebrew/bin/SharedSupport/symbols//power.kicad_sym'.
    ; warning
    @(472.44 mm, 194.31 mm): Symbol #PWR023 [GND]
[footprint_link_issues]: Footprint 'R_0603_1608Metric_Pad0.98x0.95mm_HandSolder' not found in library 'Resistor_SMD'.
    ; warning
    @(508.00 mm, 63.50 mm): Symbol R34 [R]
[lib_symbol_issues]: The symbol library 'Device' was not found at '/opt/homebrew/bin/SharedSupport/symbols//Device.kicad_sym'.
    ; warning
    @(508.00 mm, 63.50 mm): Symbol R34 [R]
[lib_symbol_issues]: The symbol library 'power' was not found at '/opt/homebrew/bin/SharedSupport/symbols//power.kicad_sym'.
    ; warning
    @(511.81 mm, 55.88 mm): Symbol #PWR030 [GND]
[lib_symbol_issues]: The symbol library 'power' was not found at '/opt/homebrew/bin/SharedSupport/symbols//power.kicad_sym'.
    ; warning
    @(501.65 mm, 119.38 mm): Symbol #PWR028 [GND]
[lib_symbol_issues]: The symbol library 'power' was not found at '/opt/homebrew/bin/SharedSupport/symbols//power.kicad_sym'.
    ; warning
    @(471.17 mm, 210.82 mm): Symbol #PWR022 [GND]
[footprint_link_issues]: Footprint 'R_0603_1608Metric_Pad0.98x0.95mm_HandSolder' not found in library 'Resistor_SMD'.
    ; warning
    @(513.08 mm, 71.12 mm): Symbol R36 [R]
[lib_symbol_issues]: The symbol library 'Device' was not found at '/opt/homebrew/bin/SharedSupport/symbols//Device.kicad_sym'.
    ; warning
    @(513.08 mm, 71.12 mm): Symbol R36 [R]
[lib_symbol_issues]: The symbol library 'power' was not found at '/opt/homebrew/bin/SharedSupport/symbols//power.kicad_sym'.
    ; warning
    @(513.08 mm, 76.20 mm): Symbol #PWR031 [GND]
[footprint_link_issues]: Footprint 'R_0603_1608Metric_Pad0.98x0.95mm_HandSolder' not found in library 'Resistor_SMD'.
    ; warning
    @(508.00 mm, 114.30 mm): Symbol R35 [R]
[lib_symbol_issues]: The symbol library 'Device' was not found at '/opt/homebrew/bin/SharedSupport/symbols//Device.kicad_sym'.
    ; warning
    @(508.00 mm, 114.30 mm): Symbol R35 [R]
[footprint_link_issues]: Footprint 'R_0603_1608Metric_Pad0.98x0.95mm_HandSolder' not found in library 'Resistor_SMD'.
    ; warning
    @(448.31 mm, 307.34 mm): Symbol R72 [R]
[lib_symbol_issues]: The symbol library 'Device' was not found at '/opt/homebrew/bin/SharedSupport/symbols//Device.kicad_sym'.
    ; warning
    @(448.31 mm, 307.34 mm): Symbol R72 [R]
[lib_symbol_issues]: The symbol library 'power' was not found at '/opt/homebrew/bin/SharedSupport/symbols//power.kicad_sym'.
    ; warning
    @(448.31 mm, 312.42 mm): Symbol #PWR074 [GND]
[footprint_link_issues]: Footprint 'R_0603_1608Metric_Pad0.98x0.95mm_HandSolder' not found in library 'Resistor_SMD'.
    ; warning
    @(514.35 mm, 203.20 mm): Symbol R37 [R]
[lib_symbol_issues]: The symbol library 'Device' was not found at '/opt/homebrew/bin/SharedSupport/symbols//Device.kicad_sym'.
    ; warning
    @(514.35 mm, 203.20 mm): Symbol R37 [R]
[footprint_link_issues]: Footprint 'R_0603_1608Metric_Pad0.98x0.95mm_HandSolder' not found in library 'Resistor_SMD'.
    ; warning
    @(514.35 mm, 218.44 mm): Symbol R38 [R]
[lib_symbol_issues]: The symbol library 'Device' was not found at '/opt/homebrew/bin/SharedSupport/symbols//Device.kicad_sym'.
    ; warning
    @(514.35 mm, 218.44 mm): Symbol R38 [R]
[lib_symbol_issues]: The symbol library 'power' was not found at '/opt/homebrew/bin/SharedSupport/symbols//power.kicad_sym'.
    ; warning
    @(514.35 mm, 224.79 mm): Symbol #PWR032 [GND]
[footprint_link_issues]: Footprint 'C_0603_1608Metric_Pad1.08x0.95mm_HandSolder' not found in library 'Capacitor_SMD'.
    ; warning
    @(561.34 mm, 71.12 mm): Symbol C24 [C]
[lib_symbol_issues]: The symbol library 'Device' was not found at '/opt/homebrew/bin/SharedSupport/symbols//Device.kicad_sym'.
    ; warning
    @(561.34 mm, 71.12 mm): Symbol C24 [C]
[lib_symbol_issues]: The symbol library 'power' was not found at '/opt/homebrew/bin/SharedSupport/symbols//power.kicad_sym'.
    ; warning
    @(561.34 mm, 77.47 mm): Symbol #PWR044 [GND]
[footprint_link_issues]: Footprint 'R_0603_1608Metric_Pad0.98x0.95mm_HandSolder' not found in library 'Resistor_SMD'.
    ; warning
    @(472.44 mm, 313.69 mm): Symbol R78 [R]
[lib_symbol_issues]: The symbol library 'Device' was not found at '/opt/homebrew/bin/SharedSupport/symbols//Device.kicad_sym'.
    ; warning
    @(472.44 mm, 313.69 mm): Symbol R78 [R]
[lib_symbol_issues]: The symbol library 'Switch' was not found at '/opt/homebrew/bin/SharedSupport/symbols//Switch.kicad_sym'.
    ; warning
    @(528.32 mm, 212.09 mm): Symbol SW1 [SW_DIP_x02]
[footprint_link_issues]: Footprint 'R_0603_1608Metric_Pad0.98x0.95mm_HandSolder' not found in library 'Resistor_SMD'.
    ; warning
    @(487.68 mm, 294.64 mm): Symbol R73 [R]
[lib_symbol_issues]: The symbol library 'Device' was not found at '/opt/homebrew/bin/SharedSupport/symbols//Device.kicad_sym'.
    ; warning
    @(487.68 mm, 294.64 mm): Symbol R73 [R]
[footprint_link_issues]: Footprint 'C_0805_2012Metric_Pad1.18x1.45mm_HandSolder' not found in library 'Capacitor_SMD'.
    ; warning
    @(568.96 mm, 55.88 mm): Symbol C25 [C]
[lib_symbol_issues]: The symbol library 'Device' was not found at '/opt/homebrew/bin/SharedSupport/symbols//Device.kicad_sym'.
    ; warning
    @(568.96 mm, 55.88 mm): Symbol C25 [C]
[footprint_link_issues]: Footprint 'C_0805_2012Metric_Pad1.18x1.45mm_HandSolder' not found in library 'Capacitor_SMD'.
    ; warning
    @(574.04 mm, 55.88 mm): Symbol C26 [C]
[lib_symbol_issues]: The symbol library 'Device' was not found at '/opt/homebrew/bin/SharedSupport/symbols//Device.kicad_sym'.
    ; warning
    @(574.04 mm, 55.88 mm): Symbol C26 [C]
[footprint_link_issues]: Footprint 'R_0603_1608Metric_Pad0.98x0.95mm_HandSolder' not found in library 'Resistor_SMD'.
    ; warning
    @(448.31 mm, 364.49 mm): Symbol R64 [R]
[lib_symbol_issues]: The symbol library 'Device' was not found at '/opt/homebrew/bin/SharedSupport/symbols//Device.kicad_sym'.
    ; warning
    @(448.31 mm, 364.49 mm): Symbol R64 [R]
[lib_symbol_issues]: The symbol library 'power' was not found at '/opt/homebrew/bin/SharedSupport/symbols//power.kicad_sym'.
    ; warning
    @(538.48 mm, 209.55 mm): Symbol #PWR041 [GND]
[lib_symbol_issues]: The symbol library 'power' was not found at '/opt/homebrew/bin/SharedSupport/symbols//power.kicad_sym'.
    ; warning
    @(488.95 mm, 309.88 mm): Symbol #PWR056 [GND]
[lib_symbol_issues]: The symbol library 'power' was not found at '/opt/homebrew/bin/SharedSupport/symbols//power.kicad_sym'.
    ; warning
    @(488.95 mm, 312.42 mm): Symbol #PWR055 [GND]
[lib_symbol_issues]: The symbol library 'power' was not found at '/opt/homebrew/bin/SharedSupport/symbols//power.kicad_sym'.
    ; warning
    @(448.31 mm, 369.57 mm): Symbol #PWR061 [GND]
[lib_symbol_issues]: The symbol library 'power' was not found at '/opt/homebrew/bin/SharedSupport/symbols//power.kicad_sym'.
    ; warning
    @(488.95 mm, 314.96 mm): Symbol #PWR054 [GND]
[lib_symbol_issues]: The symbol library 'power' was not found at '/opt/homebrew/bin/SharedSupport/symbols//power.kicad_sym'.
    ; warning
    @(501.65 mm, 294.64 mm): Symbol #PWR029 [GND]
[footprint_link_issues]: Footprint 'C_0603_1608Metric_Pad1.08x0.95mm_HandSolder' not found in library 'Capacitor_SMD'.
    ; warning
    @(579.12 mm, 55.88 mm): Symbol C34 [C]
[lib_symbol_issues]: The symbol library 'Device' was not found at '/opt/homebrew/bin/SharedSupport/symbols//Device.kicad_sym'.
    ; warning
    @(579.12 mm, 55.88 mm): Symbol C34 [C]
[lib_symbol_issues]: The symbol library 'power' was not found at '/opt/homebrew/bin/SharedSupport/symbols//power.kicad_sym'.
    ; warning
    @(488.95 mm, 317.50 mm): Symbol #PWR053 [GND]
[footprint_link_issues]: Footprint 'R_0603_1608Metric_Pad0.98x0.95mm_HandSolder' not found in library 'Resistor_SMD'.
    ; warning
    @(502.92 mm, 309.88 mm): Symbol R74 [R]
[lib_symbol_issues]: The symbol library 'Device' was not found at '/opt/homebrew/bin/SharedSupport/symbols//Device.kicad_sym'.
    ; warning
    @(502.92 mm, 309.88 mm): Symbol R74 [R]
[footprint_link_issues]: Footprint 'R_0603_1608Metric_Pad0.98x0.95mm_HandSolder' not found in library 'Resistor_SMD'.
    ; warning
    @(502.92 mm, 312.42 mm): Symbol R75 [R]
[lib_symbol_issues]: The symbol library 'Device' was not found at '/opt/homebrew/bin/SharedSupport/symbols//Device.kicad_sym'.
    ; warning
    @(502.92 mm, 312.42 mm): Symbol R75 [R]
[footprint_link_issues]: Footprint 'R_0603_1608Metric_Pad0.98x0.95mm_HandSolder' not found in library 'Resistor_SMD'.
    ; warning
    @(502.92 mm, 314.96 mm): Symbol R76 [R]
[lib_symbol_issues]: The symbol library 'Device' was not found at '/opt/homebrew/bin/SharedSupport/symbols//Device.kicad_sym'.
    ; warning
    @(502.92 mm, 314.96 mm): Symbol R76 [R]
[footprint_link_issues]: Footprint 'R_0603_1608Metric_Pad0.98x0.95mm_HandSolder' not found in library 'Resistor_SMD'.
    ; warning
    @(502.92 mm, 317.50 mm): Symbol R77 [R]
[lib_symbol_issues]: The symbol library 'Device' was not found at '/opt/homebrew/bin/SharedSupport/symbols//Device.kicad_sym'.
    ; warning
    @(502.92 mm, 317.50 mm): Symbol R77 [R]
[footprint_link_issues]: Footprint 'PinHeader_1x03_P2.54mm_Vertical' not found in library 'Connector_PinHeader_2.54mm'.
    ; warning
    @(582.93 mm, 119.38 mm): Symbol J18 [Conn_01x03]
[lib_symbol_issues]: The symbol library 'Connector_Generic' was not found at '/opt/homebrew/bin/SharedSupport/symbols//Connector_Generic.kicad_sym'.
    ; warning
    @(582.93 mm, 119.38 mm): Symbol J18 [Conn_01x03]
[footprint_link_issues]: Footprint 'R_0603_1608Metric_Pad0.98x0.95mm_HandSolder' not found in library 'Resistor_SMD'.
    ; warning
    @(501.65 mm, 328.93 mm): Symbol R79 [R]
[lib_symbol_issues]: The symbol library 'Device' was not found at '/opt/homebrew/bin/SharedSupport/symbols//Device.kicad_sym'.
    ; warning
    @(501.65 mm, 328.93 mm): Symbol R79 [R]
[footprint_link_issues]: Footprint 'R_0603_1608Metric_Pad0.98x0.95mm_HandSolder' not found in library 'Resistor_SMD'.
    ; warning
    @(472.44 mm, 370.84 mm): Symbol R65 [R]
[lib_symbol_issues]: The symbol library 'Device' was not found at '/opt/homebrew/bin/SharedSupport/symbols//Device.kicad_sym'.
    ; warning
    @(472.44 mm, 370.84 mm): Symbol R65 [R]
[footprint_link_issues]: Footprint 'R_0603_1608Metric_Pad0.98x0.95mm_HandSolder' not found in library 'Resistor_SMD'.
    ; warning
    @(487.68 mm, 351.79 mm): Symbol R66 [R]
[lib_symbol_issues]: The symbol library 'Device' was not found at '/opt/homebrew/bin/SharedSupport/symbols//Device.kicad_sym'.
    ; warning
    @(487.68 mm, 351.79 mm): Symbol R66 [R]
[lib_symbol_issues]: The symbol library 'Connector_Generic' was not found at '/opt/homebrew/bin/SharedSupport/symbols//Connector_Generic.kicad_sym'.
    ; warning
    @(519.43 mm, 307.34 mm): Symbol J15 [Conn_01x12]
[lib_symbol_issues]: The symbol library 'power' was not found at '/opt/homebrew/bin/SharedSupport/symbols//power.kicad_sym'.
    ; warning
    @(501.65 mm, 336.55 mm): Symbol #PWR059 [GND]
[footprint_link_issues]: Footprint 'C_0603_1608Metric_Pad1.08x0.95mm_HandSolder' not found in library 'Capacitor_SMD'.
    ; warning
    @(506.73 mm, 328.93 mm): Symbol C110 [C]
[lib_symbol_issues]: The symbol library 'Device' was not found at '/opt/homebrew/bin/SharedSupport/symbols//Device.kicad_sym'.
    ; warning
    @(506.73 mm, 328.93 mm): Symbol C110 [C]
[lib_symbol_issues]: The current configuration does not include the symbol library 'PCM_4ms_Power-symbol'
    ; warning
    @(599.44 mm, 76.20 mm): Symbol #FLG05 [PWR_FLAG]
[lib_symbol_issues]: The symbol library 'power' was not found at '/opt/homebrew/bin/SharedSupport/symbols//power.kicad_sym'.
    ; warning
    @(599.44 mm, 77.47 mm): Symbol #PWR051 [GND]
[footprint_link_issues]: Footprint 'C_0805_2012Metric_Pad1.18x1.45mm_HandSolder' not found in library 'Capacitor_SMD'.
    ; warning
    @(604.52 mm, 45.72 mm): Symbol C54 [C]
[lib_symbol_issues]: The symbol library 'Device' was not found at '/opt/homebrew/bin/SharedSupport/symbols//Device.kicad_sym'.
    ; warning
    @(604.52 mm, 45.72 mm): Symbol C54 [C]
[multiple_net_names]: Both AVCC0 and BOARD_3V3 are attached to the same items; AVCC0 will be used in the netlist
    ; warning
    @(1179.83 mm, 49.53 mm): Label 'AVCC0'
    @(604.52 mm, 53.34 mm): Label 'BOARD_3V3'
[footprint_link_issues]: Footprint 'C_0603_1608Metric_Pad1.08x0.95mm_HandSolder' not found in library 'Capacitor_SMD'.
    ; warning
    @(604.52 mm, 58.42 mm): Symbol C55 [C]
[lib_symbol_issues]: The symbol library 'Device' was not found at '/opt/homebrew/bin/SharedSupport/symbols//Device.kicad_sym'.
    ; warning
    @(604.52 mm, 58.42 mm): Symbol C55 [C]
[footprint_link_issues]: Footprint 'C_0805_2012Metric_Pad1.18x1.45mm_HandSolder' not found in library 'Capacitor_SMD'.
    ; warning
    @(599.44 mm, 97.79 mm): Symbol C49 [C]
[lib_symbol_issues]: The symbol library 'Device' was not found at '/opt/homebrew/bin/SharedSupport/symbols//Device.kicad_sym'.
    ; warning
    @(599.44 mm, 97.79 mm): Symbol C49 [C]
[no_connect_dangling]: Unconnected "no connection" flag
    ; warning
    @(525.78 mm, 304.80 mm): No Connect
[footprint_link_issues]: Footprint 'C_0603_1608Metric_Pad1.08x0.95mm_HandSolder' not found in library 'Capacitor_SMD'.
    ; warning
    @(604.52 mm, 71.12 mm): Symbol C56 [C]
[lib_symbol_issues]: The symbol library 'Device' was not found at '/opt/homebrew/bin/SharedSupport/symbols//Device.kicad_sym'.
    ; warning
    @(604.52 mm, 71.12 mm): Symbol C56 [C]
[footprint_link_issues]: Footprint 'PinHeader_1x03_P2.54mm_Vertical' not found in library 'Connector_PinHeader_2.54mm'.
    ; warning
    @(582.93 mm, 175.26 mm): Symbol J19 [Conn_01x03]
[lib_symbol_issues]: The symbol library 'Connector_Generic' was not found at '/opt/homebrew/bin/SharedSupport/symbols//Connector_Generic.kicad_sym'.
    ; warning
    @(582.93 mm, 175.26 mm): Symbol J19 [Conn_01x03]
[lib_symbol_issues]: The symbol library 'power' was not found at '/opt/homebrew/bin/SharedSupport/symbols//power.kicad_sym'.
    ; warning
    @(593.09 mm, 147.32 mm): Symbol #PWR049 [GND]
[lib_symbol_issues]: The symbol library 'power' was not found at '/opt/homebrew/bin/SharedSupport/symbols//power.kicad_sym'.
    ; warning
    @(488.95 mm, 367.03 mm): Symbol #PWR067 [GND]
[footprint_link_issues]: Footprint 'C_0805_2012Metric_Pad1.18x1.45mm_HandSolder' not found in library 'Capacitor_SMD'.
    ; warning
    @(610.87 mm, 45.72 mm): Symbol C58 [C]
[lib_symbol_issues]: The symbol library 'Device' was not found at '/opt/homebrew/bin/SharedSupport/symbols//Device.kicad_sym'.
    ; warning
    @(610.87 mm, 45.72 mm): Symbol C58 [C]
[footprint_link_issues]: Footprint 'R_0603_1608Metric_Pad0.98x0.95mm_HandSolder' not found in library 'Resistor_SMD'.
    ; warning
    @(589.28 mm, 167.64 mm): Symbol R47 [R]
[lib_symbol_issues]: The symbol library 'Device' was not found at '/opt/homebrew/bin/SharedSupport/symbols//Device.kicad_sym'.
    ; warning
    @(589.28 mm, 167.64 mm): Symbol R47 [R]
[lib_symbol_issues]: The symbol library 'power' was not found at '/opt/homebrew/bin/SharedSupport/symbols//power.kicad_sym'.
    ; warning
    @(501.65 mm, 351.79 mm): Symbol #PWR060 [GND]
[lib_symbol_issues]: The symbol library 'power' was not found at '/opt/homebrew/bin/SharedSupport/symbols//power.kicad_sym'.
    ; warning
    @(488.95 mm, 369.57 mm): Symbol #PWR066 [GND]
[footprint_link_issues]: Footprint 'C_0603_1608Metric_Pad1.08x0.95mm_HandSolder' not found in library 'Capacitor_SMD'.
    ; warning
    @(605.79 mm, 97.79 mm): Symbol C57 [C]
[lib_symbol_issues]: The symbol library 'Device' was not found at '/opt/homebrew/bin/SharedSupport/symbols//Device.kicad_sym'.
    ; warning
    @(605.79 mm, 97.79 mm): Symbol C57 [C]
[footprint_link_issues]: Footprint 'C_0603_1608Metric_Pad1.08x0.95mm_HandSolder' not found in library 'Capacitor_SMD'.
    ; warning
    @(610.87 mm, 58.42 mm): Symbol C59 [C]
[lib_symbol_issues]: The symbol library 'Device' was not found at '/opt/homebrew/bin/SharedSupport/symbols//Device.kicad_sym'.
    ; warning
    @(610.87 mm, 58.42 mm): Symbol C59 [C]
[lib_symbol_issues]: The symbol library 'power' was not found at '/opt/homebrew/bin/SharedSupport/symbols//power.kicad_sym'.
    ; warning
    @(488.95 mm, 372.11 mm): Symbol #PWR065 [GND]
[footprint_link_issues]: Footprint 'C_0603_1608Metric_Pad1.08x0.95mm_HandSolder' not found in library 'Capacitor_SMD'.
    ; warning
    @(610.87 mm, 71.12 mm): Symbol C60 [C]
[lib_symbol_issues]: The symbol library 'Device' was not found at '/opt/homebrew/bin/SharedSupport/symbols//Device.kicad_sym'.
    ; warning
    @(610.87 mm, 71.12 mm): Symbol C60 [C]
[lib_symbol_issues]: The symbol library 'power' was not found at '/opt/homebrew/bin/SharedSupport/symbols//power.kicad_sym'.
    ; warning
    @(488.95 mm, 374.65 mm): Symbol #PWR062 [GND]
[footprint_link_issues]: Footprint 'R_0603_1608Metric_Pad0.98x0.95mm_HandSolder' not found in library 'Resistor_SMD'.
    ; warning
    @(448.31 mm, 422.91 mm): Symbol R85 [R]
[lib_symbol_issues]: The symbol library 'Device' was not found at '/opt/homebrew/bin/SharedSupport/symbols//Device.kicad_sym'.
    ; warning
    @(448.31 mm, 422.91 mm): Symbol R85 [R]
[footprint_link_issues]: Footprint 'C_0805_2012Metric_Pad1.18x1.45mm_HandSolder' not found in library 'Capacitor_SMD'.
    ; warning
    @(617.22 mm, 45.72 mm): Symbol C64 [C]
[lib_symbol_issues]: The symbol library 'Device' was not found at '/opt/homebrew/bin/SharedSupport/symbols//Device.kicad_sym'.
    ; warning
    @(617.22 mm, 45.72 mm): Symbol C64 [C]
[lib_symbol_issues]: The symbol library 'power' was not found at '/opt/homebrew/bin/SharedSupport/symbols//power.kicad_sym'.
    ; warning
    @(448.31 mm, 427.99 mm): Symbol #PWR069 [GND]
[lib_symbol_issues]: The symbol library 'power' was not found at '/opt/homebrew/bin/SharedSupport/symbols//power.kicad_sym'.
    ; warning
    @(593.09 mm, 180.34 mm): Symbol #PWR050 [GND]
[footprint_link_issues]: Footprint 'C_0603_1608Metric_Pad1.08x0.95mm_HandSolder' not found in library 'Capacitor_SMD'.
    ; warning
    @(617.22 mm, 58.42 mm): Symbol C65 [C]
[lib_symbol_issues]: The symbol library 'Device' was not found at '/opt/homebrew/bin/SharedSupport/symbols//Device.kicad_sym'.
    ; warning
    @(617.22 mm, 58.42 mm): Symbol C65 [C]
[footprint_link_issues]: Footprint 'C_0805_2012Metric_Pad1.18x1.45mm_HandSolder' not found in library 'Capacitor_SMD'.
    ; warning
    @(613.41 mm, 97.79 mm): Symbol C63 [C]
[lib_symbol_issues]: The symbol library 'Device' was not found at '/opt/homebrew/bin/SharedSupport/symbols//Device.kicad_sym'.
    ; warning
    @(613.41 mm, 97.79 mm): Symbol C63 [C]
[footprint_link_issues]: Footprint 'C_0603_1608Metric_Pad1.08x0.95mm_HandSolder' not found in library 'Capacitor_SMD'.
    ; warning
    @(617.22 mm, 71.12 mm): Symbol C66 [C]
[lib_symbol_issues]: The symbol library 'Device' was not found at '/opt/homebrew/bin/SharedSupport/symbols//Device.kicad_sym'.
    ; warning
    @(617.22 mm, 71.12 mm): Symbol C66 [C]
[footprint_link_issues]: Footprint 'R_0603_1608Metric_Pad0.98x0.95mm_HandSolder' not found in library 'Resistor_SMD'.
    ; warning
    @(502.92 mm, 367.03 mm): Symbol R81 [R]
[lib_symbol_issues]: The symbol library 'Device' was not found at '/opt/homebrew/bin/SharedSupport/symbols//Device.kicad_sym'.
    ; warning
    @(502.92 mm, 367.03 mm): Symbol R81 [R]
[footprint_link_issues]: Footprint 'R_0603_1608Metric_Pad0.98x0.95mm_HandSolder' not found in library 'Resistor_SMD'.
    ; warning
    @(502.92 mm, 369.57 mm): Symbol R82 [R]
[lib_symbol_issues]: The symbol library 'Device' was not found at '/opt/homebrew/bin/SharedSupport/symbols//Device.kicad_sym'.
    ; warning
    @(502.92 mm, 369.57 mm): Symbol R82 [R]
[lib_symbol_issues]: The symbol library 'power' was not found at '/opt/homebrew/bin/SharedSupport/symbols//power.kicad_sym'.
    ; warning
    @(605.79 mm, 153.67 mm): Symbol #PWR052 [GND]
[footprint_link_issues]: Footprint 'C_0805_2012Metric_Pad1.18x1.45mm_HandSolder' not found in library 'Capacitor_SMD'.
    ; warning
    @(623.57 mm, 45.72 mm): Symbol C70 [C]
[lib_symbol_issues]: The symbol library 'Device' was not found at '/opt/homebrew/bin/SharedSupport/symbols//Device.kicad_sym'.
    ; warning
    @(623.57 mm, 45.72 mm): Symbol C70 [C]
[footprint_link_issues]: Footprint 'R_0603_1608Metric_Pad0.98x0.95mm_HandSolder' not found in library 'Resistor_SMD'.
    ; warning
    @(502.92 mm, 372.11 mm): Symbol R83 [R]
[lib_symbol_issues]: The symbol library 'Device' was not found at '/opt/homebrew/bin/SharedSupport/symbols//Device.kicad_sym'.
    ; warning
    @(502.92 mm, 372.11 mm): Symbol R83 [R]
[footprint_link_issues]: Footprint 'C_0603_1608Metric_Pad1.08x0.95mm_HandSolder' not found in library 'Capacitor_SMD'.
    ; warning
    @(623.57 mm, 58.42 mm): Symbol C71 [C]
[lib_symbol_issues]: The symbol library 'Device' was not found at '/opt/homebrew/bin/SharedSupport/symbols//Device.kicad_sym'.
    ; warning
    @(623.57 mm, 58.42 mm): Symbol C71 [C]
[footprint_link_issues]: Footprint 'R_0603_1608Metric_Pad0.98x0.95mm_HandSolder' not found in library 'Resistor_SMD'.
    ; warning
    @(502.92 mm, 374.65 mm): Symbol R84 [R]
[lib_symbol_issues]: The symbol library 'Device' was not found at '/opt/homebrew/bin/SharedSupport/symbols//Device.kicad_sym'.
    ; warning
    @(502.92 mm, 374.65 mm): Symbol R84 [R]
[footprint_link_issues]: Footprint 'C_0603_1608Metric_Pad1.08x0.95mm_HandSolder' not found in library 'Capacitor_SMD'.
    ; warning
    @(619.76 mm, 97.79 mm): Symbol C69 [C]
[lib_symbol_issues]: The symbol library 'Device' was not found at '/opt/homebrew/bin/SharedSupport/symbols//Device.kicad_sym'.
    ; warning
    @(619.76 mm, 97.79 mm): Symbol C69 [C]
[footprint_link_issues]: Footprint 'C_0603_1608Metric_Pad1.08x0.95mm_HandSolder' not found in library 'Capacitor_SMD'.
    ; warning
    @(623.57 mm, 71.12 mm): Symbol C72 [C]
[lib_symbol_issues]: The symbol library 'Device' was not found at '/opt/homebrew/bin/SharedSupport/symbols//Device.kicad_sym'.
    ; warning
    @(623.57 mm, 71.12 mm): Symbol C72 [C]
[footprint_link_issues]: Footprint 'C_0805_2012Metric_Pad1.18x1.45mm_HandSolder' not found in library 'Capacitor_SMD'.
    ; warning
    @(617.22 mm, 127.00 mm): Symbol C67 [C]
[lib_symbol_issues]: The symbol library 'Device' was not found at '/opt/homebrew/bin/SharedSupport/symbols//Device.kicad_sym'.
    ; warning
    @(617.22 mm, 127.00 mm): Symbol C67 [C]
[footprint_link_issues]: Footprint 'C_0603_1608Metric_Pad1.08x0.95mm_HandSolder' not found in library 'Capacitor_SMD'.
    ; warning
    @(617.22 mm, 132.08 mm): Symbol C68 [C]
[lib_symbol_issues]: The symbol library 'Device' was not found at '/opt/homebrew/bin/SharedSupport/symbols//Device.kicad_sym'.
    ; warning
    @(617.22 mm, 132.08 mm): Symbol C68 [C]
[footprint_link_issues]: Footprint 'C_0805_2012Metric_Pad1.18x1.45mm_HandSolder' not found in library 'Capacitor_SMD'.
    ; warning
    @(629.92 mm, 45.72 mm): Symbol C74 [C]
[lib_symbol_issues]: The symbol library 'Device' was not found at '/opt/homebrew/bin/SharedSupport/symbols//Device.kicad_sym'.
    ; warning
    @(629.92 mm, 45.72 mm): Symbol C74 [C]
[footprint_link_issues]: Footprint 'C_0603_1608Metric_Pad1.08x0.95mm_HandSolder' not found in library 'Capacitor_SMD'.
    ; warning
    @(629.92 mm, 58.42 mm): Symbol C75 [C]
[lib_symbol_issues]: The symbol library 'Device' was not found at '/opt/homebrew/bin/SharedSupport/symbols//Device.kicad_sym'.
    ; warning
    @(629.92 mm, 58.42 mm): Symbol C75 [C]
[footprint_link_issues]: Footprint 'R_0603_1608Metric_Pad0.98x0.95mm_HandSolder' not found in library 'Resistor_SMD'.
    ; warning
    @(501.65 mm, 386.08 mm): Symbol R80 [R]
[lib_symbol_issues]: The symbol library 'Device' was not found at '/opt/homebrew/bin/SharedSupport/symbols//Device.kicad_sym'.
    ; warning
    @(501.65 mm, 386.08 mm): Symbol R80 [R]
[footprint_link_issues]: Footprint 'C_0603_1608Metric_Pad1.08x0.95mm_HandSolder' not found in library 'Capacitor_SMD'.
    ; warning
    @(626.11 mm, 97.79 mm): Symbol C73 [C]
[lib_symbol_issues]: The symbol library 'Device' was not found at '/opt/homebrew/bin/SharedSupport/symbols//Device.kicad_sym'.
    ; warning
    @(626.11 mm, 97.79 mm): Symbol C73 [C]
[footprint_link_issues]: Footprint 'C_0603_1608Metric_Pad1.08x0.95mm_HandSolder' not found in library 'Capacitor_SMD'.
    ; warning
    @(629.92 mm, 71.12 mm): Symbol C76 [C]
[lib_symbol_issues]: The symbol library 'Device' was not found at '/opt/homebrew/bin/SharedSupport/symbols//Device.kicad_sym'.
    ; warning
    @(629.92 mm, 71.12 mm): Symbol C76 [C]
[lib_symbol_issues]: The symbol library 'Connector_Generic' was not found at '/opt/homebrew/bin/SharedSupport/symbols//Connector_Generic.kicad_sym'.
    ; warning
    @(519.43 mm, 364.49 mm): Symbol J17 [Conn_01x12]
[footprint_link_issues]: Footprint 'C_0603_1608Metric_Pad1.08x0.95mm_HandSolder' not found in library 'Capacitor_SMD'.
    ; warning
    @(615.95 mm, 158.75 mm): Symbol C61 [C]
[lib_symbol_issues]: The symbol library 'Device' was not found at '/opt/homebrew/bin/SharedSupport/symbols//Device.kicad_sym'.
    ; warning
    @(615.95 mm, 158.75 mm): Symbol C61 [C]
[footprint_link_issues]: Footprint 'C_0603_1608Metric_Pad1.08x0.95mm_HandSolder' not found in library 'Capacitor_SMD'.
    ; warning
    @(506.73 mm, 386.08 mm): Symbol C111 [C]
[lib_symbol_issues]: The symbol library 'Device' was not found at '/opt/homebrew/bin/SharedSupport/symbols//Device.kicad_sym'.
    ; warning
    @(506.73 mm, 386.08 mm): Symbol C111 [C]
[footprint_link_issues]: Footprint 'R_0603_1608Metric_Pad0.98x0.95mm_HandSolder' not found in library 'Resistor_SMD'.
    ; warning
    @(487.68 mm, 410.21 mm): Symbol R87 [R]
[lib_symbol_issues]: The symbol library 'Device' was not found at '/opt/homebrew/bin/SharedSupport/symbols//Device.kicad_sym'.
    ; warning
    @(487.68 mm, 410.21 mm): Symbol R87 [R]
[lib_symbol_issues]: The symbol library 'power' was not found at '/opt/homebrew/bin/SharedSupport/symbols//power.kicad_sym'.
    ; warning
    @(501.65 mm, 393.70 mm): Symbol #PWR068 [GND]
[footprint_link_issues]: Footprint 'C_0805_2012Metric_Pad1.18x1.45mm_HandSolder' not found in library 'Capacitor_SMD'.
    ; warning
    @(636.27 mm, 45.72 mm): Symbol C78 [C]
[lib_symbol_issues]: The symbol library 'Device' was not found at '/opt/homebrew/bin/SharedSupport/symbols//Device.kicad_sym'.
    ; warning
    @(636.27 mm, 45.72 mm): Symbol C78 [C]
[footprint_link_issues]: Footprint 'R_0603_1608Metric_Pad0.98x0.95mm_HandSolder' not found in library 'Resistor_SMD'.
    ; warning
    @(472.44 mm, 429.26 mm): Symbol R86 [R]
[lib_symbol_issues]: The symbol library 'Device' was not found at '/opt/homebrew/bin/SharedSupport/symbols//Device.kicad_sym'.
    ; warning
    @(472.44 mm, 429.26 mm): Symbol R86 [R]
[footprint_link_issues]: Footprint 'C_0603_1608Metric_Pad1.08x0.95mm_HandSolder' not found in library 'Capacitor_SMD'.
    ; warning
    @(636.27 mm, 58.42 mm): Symbol C79 [C]
[lib_symbol_issues]: The symbol library 'Device' was not found at '/opt/homebrew/bin/SharedSupport/symbols//Device.kicad_sym'.
    ; warning
    @(636.27 mm, 58.42 mm): Symbol C79 [C]
[footprint_link_issues]: Footprint 'C_0603_1608Metric_Pad1.08x0.95mm_HandSolder' not found in library 'Capacitor_SMD'.
    ; warning
    @(615.95 mm, 171.45 mm): Symbol C62 [C]
[lib_symbol_issues]: The symbol library 'Device' was not found at '/opt/homebrew/bin/SharedSupport/symbols//Device.kicad_sym'.
    ; warning
    @(615.95 mm, 171.45 mm): Symbol C62 [C]
[footprint_link_issues]: Footprint 'C_0603_1608Metric_Pad1.08x0.95mm_HandSolder' not found in library 'Capacitor_SMD'.
    ; warning
    @(636.27 mm, 71.12 mm): Symbol C80 [C]
[lib_symbol_issues]: The symbol library 'Device' was not found at '/opt/homebrew/bin/SharedSupport/symbols//Device.kicad_sym'.
    ; warning
    @(636.27 mm, 71.12 mm): Symbol C80 [C]
[lib_symbol_issues]: The current configuration does not include the symbol library 'PCM_4ms_Power-symbol'
    ; warning
    @(631.19 mm, 109.22 mm): Symbol #FLG06 [PWR_FLAG]
[lib_symbol_issues]: The symbol library 'power' was not found at '/opt/homebrew/bin/SharedSupport/symbols//power.kicad_sym'.
    ; warning
    @(631.19 mm, 110.49 mm): Symbol #PWR057 [GND]
[footprint_link_issues]: Footprint 'C_0805_2012Metric_Pad1.18x1.45mm_HandSolder' not found in library 'Capacitor_SMD'.
    ; warning
    @(635.00 mm, 97.79 mm): Symbol C77 [C]
[lib_symbol_issues]: The symbol library 'Device' was not found at '/opt/homebrew/bin/SharedSupport/symbols//Device.kicad_sym'.
    ; warning
    @(635.00 mm, 97.79 mm): Symbol C77 [C]
[footprint_link_issues]: Footprint 'R_0603_1608Metric_Pad0.98x0.95mm_HandSolder' not found in library 'Resistor_SMD'.
    ; warning
    @(629.92 mm, 132.08 mm): Symbol R49 [R]
[lib_symbol_issues]: The symbol library 'Device' was not found at '/opt/homebrew/bin/SharedSupport/symbols//Device.kicad_sym'.
    ; warning
    @(629.92 mm, 132.08 mm): Symbol R49 [R]
[footprint_link_issues]: Footprint 'C_0805_2012Metric_Pad1.18x1.45mm_HandSolder' not found in library 'Capacitor_SMD'.
    ; warning
    @(642.62 mm, 45.72 mm): Symbol C82 [C]
[lib_symbol_issues]: The symbol library 'Device' was not found at '/opt/homebrew/bin/SharedSupport/symbols//Device.kicad_sym'.
    ; warning
    @(642.62 mm, 45.72 mm): Symbol C82 [C]
[footprint_link_issues]: Footprint 'C_0603_1608Metric_Pad1.08x0.95mm_HandSolder' not found in library 'Capacitor_SMD'.
    ; warning
    @(642.62 mm, 58.42 mm): Symbol C83 [C]
[lib_symbol_issues]: The symbol library 'Device' was not found at '/opt/homebrew/bin/SharedSupport/symbols//Device.kicad_sym'.
    ; warning
    @(642.62 mm, 58.42 mm): Symbol C83 [C]
[footprint_link_issues]: Footprint 'C_0603_1608Metric_Pad1.08x0.95mm_HandSolder' not found in library 'Capacitor_SMD'.
    ; warning
    @(642.62 mm, 71.12 mm): Symbol C84 [C]
[lib_symbol_issues]: The symbol library 'Device' was not found at '/opt/homebrew/bin/SharedSupport/symbols//Device.kicad_sym'.
    ; warning
    @(642.62 mm, 71.12 mm): Symbol C84 [C]
[lib_symbol_issues]: The symbol library 'power' was not found at '/opt/homebrew/bin/SharedSupport/symbols//power.kicad_sym'.
    ; warning
    @(501.65 mm, 410.21 mm): Symbol #PWR076 [GND]
[lib_symbol_issues]: The symbol library 'power' was not found at '/opt/homebrew/bin/SharedSupport/symbols//power.kicad_sym'.
    ; warning
    @(488.95 mm, 425.45 mm): Symbol #PWR075 [GND]
[footprint_link_issues]: Footprint 'C_0603_1608Metric_Pad1.08x0.95mm_HandSolder' not found in library 'Capacitor_SMD'.
    ; warning
    @(641.35 mm, 97.79 mm): Symbol C81 [C]
[lib_symbol_issues]: The symbol library 'Device' was not found at '/opt/homebrew/bin/SharedSupport/symbols//Device.kicad_sym'.
    ; warning
    @(641.35 mm, 97.79 mm): Symbol C81 [C]
[lib_symbol_issues]: The symbol library 'power' was not found at '/opt/homebrew/bin/SharedSupport/symbols//power.kicad_sym'.
    ; warning
    @(488.95 mm, 427.99 mm): Symbol #PWR072 [GND]
[lib_symbol_issues]: The symbol library 'power' was not found at '/opt/homebrew/bin/SharedSupport/symbols//power.kicad_sym'.
    ; warning
    @(488.95 mm, 430.53 mm): Symbol #PWR071 [GND]
[footprint_link_issues]: Footprint 'C_0603_1608Metric_Pad1.08x0.95mm_HandSolder' not found in library 'Capacitor_SMD'.
    ; warning
    @(648.97 mm, 58.42 mm): Symbol C87 [C]
[lib_symbol_issues]: The symbol library 'Device' was not found at '/opt/homebrew/bin/SharedSupport/symbols//Device.kicad_sym'.
    ; warning
    @(648.97 mm, 58.42 mm): Symbol C87 [C]
[footprint_link_issues]: Footprint 'C_0603_1608Metric_Pad1.08x0.95mm_HandSolder' not found in library 'Capacitor_SMD'.
    ; warning
    @(648.97 mm, 71.12 mm): Symbol C88 [C]
[lib_symbol_issues]: The symbol library 'Device' was not found at '/opt/homebrew/bin/SharedSupport/symbols//Device.kicad_sym'.
    ; warning
    @(648.97 mm, 71.12 mm): Symbol C88 [C]
[footprint_link_issues]: Footprint 'NetTie-3_SMD_Pad0.5mm' not found in library 'NetTie'.
    ; warning
    @(643.89 mm, 109.22 mm): Symbol NT1 [NetTie_3_Tee]
[lib_symbol_issues]: The symbol library 'Device' was not found at '/opt/homebrew/bin/SharedSupport/symbols//Device.kicad_sym'.
    ; warning
    @(643.89 mm, 109.22 mm): Symbol NT1 [NetTie_3_Tee]
[lib_symbol_issues]: The symbol library 'power' was not found at '/opt/homebrew/bin/SharedSupport/symbols//power.kicad_sym'.
    ; warning
    @(488.95 mm, 433.07 mm): Symbol #PWR070 [GND]
[lib_symbol_issues]: The symbol library 'power' was not found at '/opt/homebrew/bin/SharedSupport/symbols//power.kicad_sym'.
    ; warning
    @(643.89 mm, 113.03 mm): Symbol #PWR058 [GND]
[footprint_link_issues]: Footprint 'C_0603_1608Metric_Pad1.08x0.95mm_HandSolder' not found in library 'Capacitor_SMD'.
    ; warning
    @(647.70 mm, 97.79 mm): Symbol C86 [C]
[lib_symbol_issues]: The symbol library 'Device' was not found at '/opt/homebrew/bin/SharedSupport/symbols//Device.kicad_sym'.
    ; warning
    @(647.70 mm, 97.79 mm): Symbol C86 [C]
[footprint_link_issues]: Footprint 'C_0603_1608Metric_Pad1.08x0.95mm_HandSolder' not found in library 'Capacitor_SMD'.
    ; warning
    @(643.89 mm, 124.46 mm): Symbol C85 [C]
[lib_symbol_issues]: The symbol library 'Device' was not found at '/opt/homebrew/bin/SharedSupport/symbols//Device.kicad_sym'.
    ; warning
    @(643.89 mm, 124.46 mm): Symbol C85 [C]
[footprint_link_issues]: Footprint 'R_0603_1608Metric_Pad0.98x0.95mm_HandSolder' not found in library 'Resistor_SMD'.
    ; warning
    @(448.31 mm, 478.79 mm): Symbol R93 [R]
[lib_symbol_issues]: The symbol library 'Device' was not found at '/opt/homebrew/bin/SharedSupport/symbols//Device.kicad_sym'.
    ; warning
    @(448.31 mm, 478.79 mm): Symbol R93 [R]
[footprint_link_issues]: Footprint 'C_0603_1608Metric_Pad1.08x0.95mm_HandSolder' not found in library 'Capacitor_SMD'.
    ; warning
    @(655.32 mm, 58.42 mm): Symbol C89 [C]
[lib_symbol_issues]: The symbol library 'Device' was not found at '/opt/homebrew/bin/SharedSupport/symbols//Device.kicad_sym'.
    ; warning
    @(655.32 mm, 58.42 mm): Symbol C89 [C]
[footprint_link_issues]: Footprint 'R_0603_1608Metric_Pad0.98x0.95mm_HandSolder' not found in library 'Resistor_SMD'.
    ; warning
    @(502.92 mm, 425.45 mm): Symbol R89 [R]
[lib_symbol_issues]: The symbol library 'Device' was not found at '/opt/homebrew/bin/SharedSupport/symbols//Device.kicad_sym'.
    ; warning
    @(502.92 mm, 425.45 mm): Symbol R89 [R]
[lib_symbol_issues]: The symbol library 'Device' was not found at '/opt/homebrew/bin/SharedSupport/symbols//Device.kicad_sym'.
    ; warning
    @(637.54 mm, 166.37 mm): Symbol Y1 [Crystal]
[footprint_link_issues]: Footprint 'C_0603_1608Metric_Pad1.08x0.95mm_HandSolder' not found in library 'Capacitor_SMD'.
    ; warning
    @(655.32 mm, 71.12 mm): Symbol C90 [C]
[lib_symbol_issues]: The symbol library 'Device' was not found at '/opt/homebrew/bin/SharedSupport/symbols//Device.kicad_sym'.
    ; warning
    @(655.32 mm, 71.12 mm): Symbol C90 [C]
[lib_symbol_issues]: The symbol library 'power' was not found at '/opt/homebrew/bin/SharedSupport/symbols//power.kicad_sym'.
    ; warning
    @(448.31 mm, 483.87 mm): Symbol #PWR078 [GND]
[footprint_link_issues]: Footprint 'R_0603_1608Metric_Pad0.98x0.95mm_HandSolder' not found in library 'Resistor_SMD'.
    ; warning
    @(502.92 mm, 427.99 mm): Symbol R90 [R]
[lib_symbol_issues]: The symbol library 'Device' was not found at '/opt/homebrew/bin/SharedSupport/symbols//Device.kicad_sym'.
    ; warning
    @(502.92 mm, 427.99 mm): Symbol R90 [R]
[footprint_link_issues]: Footprint 'R_0603_1608Metric_Pad0.98x0.95mm_HandSolder' not found in library 'Resistor_SMD'.
    ; warning
    @(502.92 mm, 430.53 mm): Symbol R91 [R]
[lib_symbol_issues]: The symbol library 'Device' was not found at '/opt/homebrew/bin/SharedSupport/symbols//Device.kicad_sym'.
    ; warning
    @(502.92 mm, 430.53 mm): Symbol R91 [R]
[footprint_link_issues]: Footprint 'R_0603_1608Metric_Pad0.98x0.95mm_HandSolder' not found in library 'Resistor_SMD'.
    ; warning
    @(502.92 mm, 433.07 mm): Symbol R92 [R]
[lib_symbol_issues]: The symbol library 'Device' was not found at '/opt/homebrew/bin/SharedSupport/symbols//Device.kicad_sym'.
    ; warning
    @(502.92 mm, 433.07 mm): Symbol R92 [R]
[footprint_link_issues]: Footprint 'C_0805_2012Metric_Pad1.18x1.45mm_HandSolder' not found in library 'Capacitor_SMD'.
    ; warning
    @(656.59 mm, 97.79 mm): Symbol C91 [C]
[lib_symbol_issues]: The symbol library 'Device' was not found at '/opt/homebrew/bin/SharedSupport/symbols//Device.kicad_sym'.
    ; warning
    @(656.59 mm, 97.79 mm): Symbol C91 [C]
[footprint_link_issues]: Footprint 'C_0603_1608Metric_Pad1.08x0.95mm_HandSolder' not found in library 'Capacitor_SMD'.
    ; warning
    @(661.67 mm, 58.42 mm): Symbol C92 [C]
[lib_symbol_issues]: The symbol library 'Device' was not found at '/opt/homebrew/bin/SharedSupport/symbols//Device.kicad_sym'.
    ; warning
    @(661.67 mm, 58.42 mm): Symbol C92 [C]
[footprint_link_issues]: Footprint 'C_0603_1608Metric_Pad1.08x0.95mm_HandSolder' not found in library 'Capacitor_SMD'.
    ; warning
    @(661.67 mm, 71.12 mm): Symbol C93 [C]
[lib_symbol_issues]: The symbol library 'Device' was not found at '/opt/homebrew/bin/SharedSupport/symbols//Device.kicad_sym'.
    ; warning
    @(661.67 mm, 71.12 mm): Symbol C93 [C]
[lib_symbol_issues]: The symbol library 'power' was not found at '/opt/homebrew/bin/SharedSupport/symbols//power.kicad_sym'.
    ; warning
    @(656.59 mm, 110.49 mm): Symbol #PWR063 [GND]
[footprint_link_issues]: Footprint 'R_0603_1608Metric_Pad0.98x0.95mm_HandSolder' not found in library 'Resistor_SMD'.
    ; warning
    @(668.02 mm, 33.02 mm): Symbol R50 [R]
[lib_symbol_issues]: The symbol library 'Device' was not found at '/opt/homebrew/bin/SharedSupport/symbols//Device.kicad_sym'.
    ; warning
    @(668.02 mm, 33.02 mm): Symbol R50 [R]
[lib_symbol_mismatch]: Symbol '282837-2' doesn't match copy in library '282837-2'
    ; warning
    @(604.52 mm, 288.29 mm): Symbol P1 [282837-2]
[lib_symbol_issues]: The symbol library 'Connector_Generic' was not found at '/opt/homebrew/bin/SharedSupport/symbols//Connector_Generic.kicad_sym'.
    ; warning
    @(519.43 mm, 422.91 mm): Symbol J24 [Conn_01x12]
[footprint_link_issues]: Footprint 'C_0603_1608Metric_Pad1.08x0.95mm_HandSolder' not found in library 'Capacitor_SMD'.
    ; warning
    @(662.94 mm, 97.79 mm): Symbol C94 [C]
[lib_symbol_issues]: The symbol library 'Device' was not found at '/opt/homebrew/bin/SharedSupport/symbols//Device.kicad_sym'.
    ; warning
    @(662.94 mm, 97.79 mm): Symbol C94 [C]
[footprint_link_issues]: Footprint 'R_0603_1608Metric_Pad0.98x0.95mm_HandSolder' not found in library 'Resistor_SMD'.
    ; warning
    @(501.65 mm, 444.50 mm): Symbol R88 [R]
[lib_symbol_issues]: The symbol library 'Device' was not found at '/opt/homebrew/bin/SharedSupport/symbols//Device.kicad_sym'.
    ; warning
    @(501.65 mm, 444.50 mm): Symbol R88 [R]
[footprint_link_issues]: Footprint 'C_0603_1608Metric_Pad1.08x0.95mm_HandSolder' not found in library 'Capacitor_SMD'.
    ; warning
    @(668.02 mm, 58.42 mm): Symbol C95 [C]
[lib_symbol_issues]: The symbol library 'Device' was not found at '/opt/homebrew/bin/SharedSupport/symbols//Device.kicad_sym'.
    ; warning
    @(668.02 mm, 58.42 mm): Symbol C95 [C]
[footprint_link_issues]: Footprint 'C_0603_1608Metric_Pad1.08x0.95mm_HandSolder' not found in library 'Capacitor_SMD'.
    ; warning
    @(668.02 mm, 71.12 mm): Symbol C96 [C]
[lib_symbol_issues]: The symbol library 'Device' was not found at '/opt/homebrew/bin/SharedSupport/symbols//Device.kicad_sym'.
    ; warning
    @(668.02 mm, 71.12 mm): Symbol C96 [C]
[lib_symbol_issues]: The current configuration does not include the symbol library 'PCM_4ms_Power-symbol'
    ; warning
    @(662.94 mm, 109.22 mm): Symbol #FLG07 [PWR_FLAG]
[lib_symbol_mismatch]: Symbol '282837-2' doesn't match copy in library '282837-2'
    ; warning
    @(604.52 mm, 295.91 mm): Symbol P2 [282837-2]
[footprint_link_issues]: Footprint 'C_0603_1608Metric_Pad1.08x0.95mm_HandSolder' not found in library 'Capacitor_SMD'.
    ; warning
    @(506.73 mm, 444.50 mm): Symbol C112 [C]
[lib_symbol_issues]: The symbol library 'Device' was not found at '/opt/homebrew/bin/SharedSupport/symbols//Device.kicad_sym'.
    ; warning
    @(506.73 mm, 444.50 mm): Symbol C112 [C]
[footprint_link_issues]: Footprint 'R_0603_1608Metric_Pad0.98x0.95mm_HandSolder' not found in library 'Resistor_SMD'.
    ; warning
    @(487.68 mm, 466.09 mm): Symbol R95 [R]
[lib_symbol_issues]: The symbol library 'Device' was not found at '/opt/homebrew/bin/SharedSupport/symbols//Device.kicad_sym'.
    ; warning
    @(487.68 mm, 466.09 mm): Symbol R95 [R]
[lib_symbol_issues]: The symbol library 'power' was not found at '/opt/homebrew/bin/SharedSupport/symbols//power.kicad_sym'.
    ; warning
    @(501.65 mm, 452.12 mm): Symbol #PWR077 [GND]
[footprint_link_issues]: Footprint 'C_0603_1608Metric_Pad1.08x0.95mm_HandSolder' not found in library 'Capacitor_SMD'.
    ; warning
    @(669.29 mm, 97.79 mm): Symbol C97 [C]
[lib_symbol_issues]: The symbol library 'Device' was not found at '/opt/homebrew/bin/SharedSupport/symbols//Device.kicad_sym'.
    ; warning
    @(669.29 mm, 97.79 mm): Symbol C97 [C]
[lib_symbol_mismatch]: Symbol '282837-2' doesn't match copy in library '282837-2'
    ; warning
    @(604.52 mm, 303.53 mm): Symbol P3 [282837-2]
[footprint_link_issues]: Footprint 'R_0603_1608Metric_Pad0.98x0.95mm_HandSolder' not found in library 'Resistor_SMD'.
    ; warning
    @(472.44 mm, 485.14 mm): Symbol R94 [R]
[lib_symbol_issues]: The symbol library 'Device' was not found at '/opt/homebrew/bin/SharedSupport/symbols//Device.kicad_sym'.
    ; warning
    @(472.44 mm, 485.14 mm): Symbol R94 [R]
[lib_symbol_mismatch]: Symbol '282837-2' doesn't match copy in library '282837-2'
    ; warning
    @(604.52 mm, 311.15 mm): Symbol P4 [282837-2]
[lib_symbol_issues]: The symbol library 'power' was not found at '/opt/homebrew/bin/SharedSupport/symbols//power.kicad_sym'.
    ; warning
    @(501.65 mm, 466.09 mm): Symbol #PWR080 [GND]
[lib_symbol_issues]: The symbol library 'power' was not found at '/opt/homebrew/bin/SharedSupport/symbols//power.kicad_sym'.
    ; warning
    @(488.95 mm, 481.33 mm): Symbol #PWR084 [GND]
[lib_symbol_issues]: The symbol library 'power' was not found at '/opt/homebrew/bin/SharedSupport/symbols//power.kicad_sym'.
    ; warning
    @(488.95 mm, 483.87 mm): Symbol #PWR083 [GND]
[lib_symbol_issues]: The symbol library 'power' was not found at '/opt/homebrew/bin/SharedSupport/symbols//power.kicad_sym'.
    ; warning
    @(488.95 mm, 486.41 mm): Symbol #PWR082 [GND]
[lib_symbol_issues]: The symbol library 'power' was not found at '/opt/homebrew/bin/SharedSupport/symbols//power.kicad_sym'.
    ; warning
    @(488.95 mm, 488.95 mm): Symbol #PWR081 [GND]
[footprint_link_issues]: Footprint 'R_0603_1608Metric_Pad0.98x0.95mm_HandSolder' not found in library 'Resistor_SMD'.
    ; warning
    @(502.92 mm, 481.33 mm): Symbol R97 [R]
[lib_symbol_issues]: The symbol library 'Device' was not found at '/opt/homebrew/bin/SharedSupport/symbols//Device.kicad_sym'.
    ; warning
    @(502.92 mm, 481.33 mm): Symbol R97 [R]
[footprint_link_issues]: Footprint 'R_0603_1608Metric_Pad0.98x0.95mm_HandSolder' not found in library 'Resistor_SMD'.
    ; warning
    @(502.92 mm, 483.87 mm): Symbol R98 [R]
[lib_symbol_issues]: The symbol library 'Device' was not found at '/opt/homebrew/bin/SharedSupport/symbols//Device.kicad_sym'.
    ; warning
    @(502.92 mm, 483.87 mm): Symbol R98 [R]
[footprint_link_issues]: Footprint 'R_0603_1608Metric_Pad0.98x0.95mm_HandSolder' not found in library 'Resistor_SMD'.
    ; warning
    @(502.92 mm, 486.41 mm): Symbol R99 [R]
[lib_symbol_issues]: The symbol library 'Device' was not found at '/opt/homebrew/bin/SharedSupport/symbols//Device.kicad_sym'.
    ; warning
    @(502.92 mm, 486.41 mm): Symbol R99 [R]
[lib_symbol_issues]: The symbol library 'power' was not found at '/opt/homebrew/bin/SharedSupport/symbols//power.kicad_sym'.
    ; warning
    @(699.77 mm, 30.48 mm): Symbol #PWR064 [GND]
[footprint_link_issues]: Footprint 'R_0603_1608Metric_Pad0.98x0.95mm_HandSolder' not found in library 'Resistor_SMD'.
    ; warning
    @(502.92 mm, 488.95 mm): Symbol R100 [R]
[lib_symbol_issues]: The symbol library 'Device' was not found at '/opt/homebrew/bin/SharedSupport/symbols//Device.kicad_sym'.
    ; warning
    @(502.92 mm, 488.95 mm): Symbol R100 [R]
[footprint_link_issues]: Footprint 'R_0603_1608Metric_Pad0.98x0.95mm_HandSolder' not found in library 'Resistor_SMD'.
    ; warning
    @(675.64 mm, 195.58 mm): Symbol R71 [R]
[lib_symbol_issues]: The symbol library 'Device' was not found at '/opt/homebrew/bin/SharedSupport/symbols//Device.kicad_sym'.
    ; warning
    @(675.64 mm, 195.58 mm): Symbol R71 [R]
[lib_symbol_issues]: The symbol library 'Connector_Generic' was not found at '/opt/homebrew/bin/SharedSupport/symbols//Connector_Generic.kicad_sym'.
    ; warning
    @(519.43 mm, 478.79 mm): Symbol J25 [Conn_01x12]
[footprint_link_issues]: Footprint 'R_0603_1608Metric_Pad0.98x0.95mm_HandSolder' not found in library 'Resistor_SMD'.
    ; warning
    @(501.65 mm, 500.38 mm): Symbol R96 [R]
[lib_symbol_issues]: The symbol library 'Device' was not found at '/opt/homebrew/bin/SharedSupport/symbols//Device.kicad_sym'.
    ; warning
    @(501.65 mm, 500.38 mm): Symbol R96 [R]
[footprint_link_issues]: Footprint 'C_0603_1608Metric_Pad1.08x0.95mm_HandSolder' not found in library 'Capacitor_SMD'.
    ; warning
    @(506.73 mm, 500.38 mm): Symbol C113 [C]
[lib_symbol_issues]: The symbol library 'Device' was not found at '/opt/homebrew/bin/SharedSupport/symbols//Device.kicad_sym'.
    ; warning
    @(506.73 mm, 500.38 mm): Symbol C113 [C]
[lib_symbol_issues]: The symbol library 'power' was not found at '/opt/homebrew/bin/SharedSupport/symbols//power.kicad_sym'.
    ; warning
    @(501.65 mm, 508.00 mm): Symbol #PWR079 [GND]
[lib_symbol_issues]: The symbol library 'power' was not found at '/opt/homebrew/bin/SharedSupport/symbols//power.kicad_sym'.
    ; warning
    @(694.69 mm, 193.04 mm): Symbol #PWR04 [GND]
[lib_symbol_issues]: The symbol library 'power' was not found at '/opt/homebrew/bin/SharedSupport/symbols//power.kicad_sym'.
    ; warning
    @(694.69 mm, 209.55 mm): Symbol #PWR012 [GND]
[lib_symbol_issues]: The symbol library 'power' was not found at '/opt/homebrew/bin/SharedSupport/symbols//power.kicad_sym'.
    ; warning
    @(694.69 mm, 218.44 mm): Symbol #PWR05 [GND]
[footprint_link_issues]: Footprint 'PinHeader_1x09_P2.54mm_Vertical' not found in library 'Connector_PinHeader_2.54mm'.
    ; warning
    @(703.58 mm, 200.66 mm): Symbol J3 [Conn_01x09]
[lib_symbol_issues]: The current configuration does not include the symbol library 'PCM_4ms_Connector'
    ; warning
    @(703.58 mm, 200.66 mm): Symbol J3 [Conn_01x09]
[footprint_link_issues]: Footprint 'PinHeader_1x04_P2.54mm_Vertical' not found in library 'Connector_PinHeader_2.54mm'.
    ; warning
    @(703.58 mm, 218.44 mm): Symbol J4 [Conn_01x04]
[lib_symbol_issues]: The current configuration does not include the symbol library 'PCM_4ms_Connector'
    ; warning
    @(703.58 mm, 218.44 mm): Symbol J4 [Conn_01x04]
[footprint_link_issues]: Footprint 'R_0603_1608Metric_Pad0.98x0.95mm_HandSolder' not found in library 'Resistor_SMD'.
    ; warning
    @(758.19 mm, 137.16 mm): Symbol R69 [R]
[lib_symbol_issues]: The symbol library 'Device' was not found at '/opt/homebrew/bin/SharedSupport/symbols//Device.kicad_sym'.
    ; warning
    @(758.19 mm, 137.16 mm): Symbol R69 [R]
[footprint_link_issues]: Footprint 'R_0603_1608Metric_Pad0.98x0.95mm_HandSolder' not found in library 'Resistor_SMD'.
    ; warning
    @(767.08 mm, 130.81 mm): Symbol R70 [R]
[lib_symbol_issues]: The symbol library 'Device' was not found at '/opt/homebrew/bin/SharedSupport/symbols//Device.kicad_sym'.
    ; warning
    @(767.08 mm, 130.81 mm): Symbol R70 [R]
[multiple_net_names]: Both AVSS0-1 and AVSS1 are attached to the same items; AVSS0-1 will be used in the netlist
    ; warning
    @(631.19 mm, 110.49 mm): Symbol #PWR057 Pin 1 [Power input, Line]
    @(787.40 mm, 57.15 mm): Label 'AVSS1'
[multiple_net_names]: Both GND and VSS are attached to the same items; GND will be used in the netlist
    ; warning
    @(293.37 mm, 41.91 mm): Symbol #PWR09 Pin 1 [Power input, Line]
    @(787.40 mm, 74.93 mm): Label 'VSS'
[multiple_net_names]: Both RES# and RX72N_RES# are attached to the same items; RES# will be used in the netlist
    ; warning
    @(647.70 mm, 142.24 mm): Label 'RES#'
    @(805.18 mm, 92.71 mm): Label 'RX72N_RES#'
[lib_symbol_issues]: The symbol library 'power' was not found at '/opt/homebrew/bin/SharedSupport/symbols//power.kicad_sym'.
    ; warning
    @(833.12 mm, 87.63 mm): Symbol #PWR073 [GND]
[footprint_link_issues]: Footprint 'R_0603_1608Metric_Pad0.98x0.95mm_HandSolder' not found in library 'Resistor_SMD'.
    ; warning
    @(840.74 mm, 87.63 mm): Symbol R63 [R]
[lib_symbol_issues]: The symbol library 'Device' was not found at '/opt/homebrew/bin/SharedSupport/symbols//Device.kicad_sym'.
    ; warning
    @(840.74 mm, 87.63 mm): Symbol R63 [R]

 ** ERC messages: 491  Errors 7  Warnings 484
